Component: ARM Compiler 5.06 update 5 (build 528) Tool: armlink [4d35e2]

==============================================================================

Section Cross References

    startup_stm32g031xx.o(RESET) refers to startup_stm32g031xx.o(STACK) for __initial_sp
    startup_stm32g031xx.o(RESET) refers to startup_stm32g031xx.o(.text) for Reset_Handler
    startup_stm32g031xx.o(RESET) refers to stm32g0xx_it.o(i.NMI_Handler) for NMI_Handler
    startup_stm32g031xx.o(RESET) refers to stm32g0xx_it.o(i.HardFault_Handler) for HardFault_Handler
    startup_stm32g031xx.o(RESET) refers to stm32g0xx_it.o(i.SVC_Handler) for SVC_Handler
    startup_stm32g031xx.o(RESET) refers to stm32g0xx_it.o(i.PendSV_Handler) for PendSV_Handler
    startup_stm32g031xx.o(RESET) refers to stm32g0xx_it.o(i.SysTick_Handler) for SysTick_Handler
    startup_stm32g031xx.o(RESET) refers to stm32g0xx_it.o(i.DMA1_Channel1_IRQHandler) for DMA1_Channel1_IRQHandler
    startup_stm32g031xx.o(RESET) refers to stm32g0xx_it.o(i.DMA1_Channel2_3_IRQHandler) for DMA1_Channel2_3_IRQHandler
    startup_stm32g031xx.o(RESET) refers to stm32g0xx_it.o(i.TIM1_BRK_UP_TRG_COM_IRQHandler) for TIM1_BRK_UP_TRG_COM_IRQHandler
    startup_stm32g031xx.o(RESET) refers to stm32g0xx_it.o(i.USART1_IRQHandler) for USART1_IRQHandler
    startup_stm32g031xx.o(.text) refers to system_stm32g0xx.o(i.SystemInit) for SystemInit
    startup_stm32g031xx.o(.text) refers to entry.o(.ARM.Collect$$$$00000000) for __main
    main.o(i.HAL_UARTEx_RxEventCallback) refers to elrs.o(i.ELRS_UARTE_RxCallback) for ELRS_UARTE_RxCallback
    main.o(i.HAL_UARTEx_RxEventCallback) refers to usart.o(.bss) for huart1
    main.o(i.SystemClock_Config) refers to memseta.o(.text) for __aeabi_memclr4
    main.o(i.SystemClock_Config) refers to stm32g0xx_hal_pwr_ex.o(i.HAL_PWREx_ControlVoltageScaling) for HAL_PWREx_ControlVoltageScaling
    main.o(i.SystemClock_Config) refers to stm32g0xx_hal_rcc.o(i.HAL_RCC_OscConfig) for HAL_RCC_OscConfig
    main.o(i.SystemClock_Config) refers to stm32g0xx_hal_rcc.o(i.HAL_RCC_ClockConfig) for HAL_RCC_ClockConfig
    main.o(i.adaptive_pid_adjust) refers to fadd.o(.text) for __aeabi_fadd
    main.o(i.adaptive_pid_adjust) refers to fflti.o(.text) for __aeabi_i2f
    main.o(i.adaptive_pid_adjust) refers to fdiv.o(.text) for __aeabi_fdiv
    main.o(i.adaptive_pid_adjust) refers to idiv.o(.text) for __aeabi_idivmod
    main.o(i.adaptive_pid_adjust) refers to fscalb.o(.text) for __ARM_scalbnf
    main.o(i.adaptive_pid_adjust) refers to fmul.o(.text) for __aeabi_fmul
    main.o(i.main) refers to stm32g0xx_hal.o(i.HAL_Init) for HAL_Init
    main.o(i.main) refers to main.o(i.SystemClock_Config) for SystemClock_Config
    main.o(i.main) refers to gpio.o(i.MX_GPIO_Init) for MX_GPIO_Init
    main.o(i.main) refers to dma.o(i.MX_DMA_Init) for MX_DMA_Init
    main.o(i.main) refers to usart.o(i.MX_USART1_UART_Init) for MX_USART1_UART_Init
    main.o(i.main) refers to tim.o(i.MX_TIM2_Init) for MX_TIM2_Init
    main.o(i.main) refers to tim.o(i.MX_TIM3_Init) for MX_TIM3_Init
    main.o(i.main) refers to tim.o(i.MX_TIM1_Init) for MX_TIM1_Init
    main.o(i.main) refers to adc.o(i.MX_ADC1_Init) for MX_ADC1_Init
    main.o(i.main) refers to stm32g0xx_hal_adc_ex.o(i.HAL_ADCEx_Calibration_Start) for HAL_ADCEx_Calibration_Start
    main.o(i.main) refers to stm32g0xx_hal_tim.o(i.HAL_TIM_Base_Start) for HAL_TIM_Base_Start
    main.o(i.main) refers to stm32g0xx_hal_tim.o(i.HAL_TIM_PWM_Start) for HAL_TIM_PWM_Start
    main.o(i.main) refers to stm32g0xx_hal.o(i.HAL_Delay) for HAL_Delay
    main.o(i.main) refers to elrs.o(i.ELRS_Init) for ELRS_Init
    main.o(i.main) refers to motor.o(i.Chassis_PID_Init) for Chassis_PID_Init
    main.o(i.main) refers to stm32g0xx_hal.o(i.HAL_GetTick) for HAL_GetTick
    main.o(i.main) refers to as5600_pwm.o(i.StarAndGetResult) for StarAndGetResult
    main.o(i.main) refers to main.o(i.motor_disable) for motor_disable
    main.o(i.main) refers to uidiv.o(.text) for __aeabi_uidivmod
    main.o(i.main) refers to main.o(i.q15_mul) for q15_mul
    main.o(i.main) refers to motor.o(i.Motor_PID_Control) for Motor_PID_Control
    main.o(i.main) refers to dflti.o(.text) for __aeabi_i2d
    main.o(i.main) refers to d2f.o(.text) for __aeabi_d2f
    main.o(i.main) refers to fdiv.o(.text) for __aeabi_fdiv
    main.o(i.main) refers to fscalb.o(.text) for __ARM_scalbnf
    main.o(i.main) refers to adc.o(.bss) for hadc1
    main.o(i.main) refers to tim.o(.bss) for htim2
    main.o(i.main) refers to main.o(.data) for .data
    main.o(i.main) refers to elrs.o(.bss) for elrs_data
    main.o(i.main) refers to motor.o(.bss) for Wings_Data
    main.o(i.main) refers to main.o(.constdata) for .constdata
    main.o(i.main) refers to fmul.o(.text) for __aeabi_fmul
    main.o(i.map) refers to idiv.o(.text) for __aeabi_idivmod
    main.o(i.motor_test) refers to motor.o(i.Set_Pwm) for Set_Pwm
    main.o(i.motor_test) refers to stm32g0xx_hal.o(i.HAL_Delay) for HAL_Delay
[...]
    Removing stm32g0xx_hal_uart.o(i.HAL_UARTEx_RxEventCallback), (2 bytes).
    Removing stm32g0xx_hal_uart.o(i.HAL_UART_Abort), (276 bytes).
    Removing stm32g0xx_hal_uart.o(i.HAL_UART_AbortCpltCallback), (2 bytes).
    Removing stm32g0xx_hal_uart.o(i.HAL_UART_AbortReceive), (192 bytes).
    Removing stm32g0xx_hal_uart.o(i.HAL_UART_AbortReceiveCpltCallback), (2 bytes).
    Removing stm32g0xx_hal_uart.o(i.HAL_UART_AbortReceive_IT), (204 bytes).
    Removing stm32g0xx_hal_uart.o(i.HAL_UART_AbortTransmit), (158 bytes).
    Removing stm32g0xx_hal_uart.o(i.HAL_UART_AbortTransmitCpltCallback), (2 bytes).
    Removing stm32g0xx_hal_uart.o(i.HAL_UART_AbortTransmit_IT), (172 bytes).
    Removing stm32g0xx_hal_uart.o(i.HAL_UART_Abort_IT), (320 bytes).
    Removing stm32g0xx_hal_uart.o(i.HAL_UART_DMAPause), (134 bytes).
    Removing stm32g0xx_hal_uart.o(i.HAL_UART_DMAResume), (128 bytes).
    Removing stm32g0xx_hal_uart.o(i.HAL_UART_DMAStop), (154 bytes).
    Removing stm32g0xx_hal_uart.o(i.HAL_UART_DeInit), (66 bytes).
    Removing stm32g0xx_hal_uart.o(i.HAL_UART_DisableReceiverTimeout), (64 bytes).
    Removing stm32g0xx_hal_uart.o(i.HAL_UART_EnableReceiverTimeout), (64 bytes).
    Removing stm32g0xx_hal_uart.o(i.HAL_UART_GetError), (6 bytes).
    Removing stm32g0xx_hal_uart.o(i.HAL_UART_GetState), (12 bytes).
    Removing stm32g0xx_hal_uart.o(i.HAL_UART_MspDeInit), (2 bytes).
    Removing stm32g0xx_hal_uart.o(i.HAL_UART_MspInit), (2 bytes).
    Removing stm32g0xx_hal_uart.o(i.HAL_UART_Receive), (264 bytes).
    Removing stm32g0xx_hal_uart.o(i.HAL_UART_Receive_DMA), (100 bytes).
    Removing stm32g0xx_hal_uart.o(i.HAL_UART_Receive_IT), (100 bytes).
    Removing stm32g0xx_hal_uart.o(i.HAL_UART_ReceiverTimeout_Config), (24 bytes).
    Removing stm32g0xx_hal_uart.o(i.HAL_UART_Transmit), (206 bytes).
    Removing stm32g0xx_hal_uart.o(i.HAL_UART_Transmit_DMA), (172 bytes).
    Removing stm32g0xx_hal_uart.o(i.HAL_UART_Transmit_IT), (184 bytes).
    Removing stm32g0xx_hal_uart.o(i.HAL_UART_TxHalfCpltCallback), (2 bytes).
    Removing stm32g0xx_hal_uart.o(i.UART_DMARxAbortCallback), (66 bytes).
    Removing stm32g0xx_hal_uart.o(i.UART_DMARxOnlyAbortCallback), (40 bytes).
    Removing stm32g0xx_hal_uart.o(i.UART_DMATransmitCplt), (76 bytes).
    Removing stm32g0xx_hal_uart.o(i.UART_DMATxAbortCallback), (76 bytes).
    Removing stm32g0xx_hal_uart.o(i.UART_DMATxHalfCplt), (10 bytes).
    Removing stm32g0xx_hal_uart.o(i.UART_DMATxOnlyAbortCallback), (42 bytes).
    Removing stm32g0xx_hal_uart.o(i.UART_RxISR_16BIT), (216 bytes).
    Removing stm32g0xx_hal_uart.o(i.UART_RxISR_16BIT_FIFOEN), (448 bytes).
    Removing stm32g0xx_hal_uart.o(i.UART_RxISR_8BIT), (216 bytes).
    Removing stm32g0xx_hal_uart.o(i.UART_RxISR_8BIT_FIFOEN), (448 bytes).
    Removing stm32g0xx_hal_uart.o(i.UART_Start_Receive_IT), (300 bytes).
    Removing stm32g0xx_hal_uart.o(i.UART_TxISR_16BIT), (96 bytes).
    Removing stm32g0xx_hal_uart.o(i.UART_TxISR_16BIT_FIFOEN), (116 bytes).
    Removing stm32g0xx_hal_uart.o(i.UART_TxISR_8BIT), (92 bytes).
    Removing stm32g0xx_hal_uart.o(i.UART_TxISR_8BIT_FIFOEN), (112 bytes).
    Removing stm32g0xx_hal_uart_ex.o(.rev16_text), (4 bytes).
    Removing stm32g0xx_hal_uart_ex.o(.revsh_text), (4 bytes).
    Removing stm32g0xx_hal_uart_ex.o(i.HAL_MultiProcessorEx_AddressLength_Set), (54 bytes).
    Removing stm32g0xx_hal_uart_ex.o(i.HAL_RS485Ex_Init), (144 bytes).
    Removing stm32g0xx_hal_uart_ex.o(i.HAL_UARTEx_DisableStopMode), (48 bytes).
    Removing stm32g0xx_hal_uart_ex.o(i.HAL_UARTEx_EnableFifoMode), (62 bytes).
    Removing stm32g0xx_hal_uart_ex.o(i.HAL_UARTEx_EnableStopMode), (48 bytes).
    Removing stm32g0xx_hal_uart_ex.o(i.HAL_UARTEx_GetRxEventType), (4 bytes).
    Removing stm32g0xx_hal_uart_ex.o(i.HAL_UARTEx_ReceiveToIdle), (332 bytes).
    Removing stm32g0xx_hal_uart_ex.o(i.HAL_UARTEx_ReceiveToIdle_IT), (106 bytes).
    Removing stm32g0xx_hal_uart_ex.o(i.HAL_UARTEx_StopModeWakeUpSourceConfig), (152 bytes).
    Removing system_stm32g0xx.o(.rev16_text), (4 bytes).
    Removing system_stm32g0xx.o(.revsh_text), (4 bytes).
    Removing system_stm32g0xx.o(i.SystemCoreClockUpdate), (144 bytes).
    Removing motor.o(.rev16_text), (4 bytes).
    Removing motor.o(.revsh_text), (4 bytes).
    Removing motor.o(i.Motor_ECD_Control), (2 bytes).
    Removing motor.o(i.myabs), (10 bytes).
    Removing motor.o(.constdata), (4 bytes).
    Removing motor.o(.constdata), (4 bytes).
    Removing pid.o(.rev16_text), (4 bytes).
    Removing pid.o(.revsh_text), (4 bytes).
    Removing pid.o(i.PID_clear), (32 bytes).
    Removing as5600_pwm.o(.rev16_text), (4 bytes).
    Removing as5600_pwm.o(.revsh_text), (4 bytes).
    Removing as5600_pwm.o(i.AS5600_PWM_Init), (16 bytes).
    Removing elrs.o(.rev16_text), (4 bytes).
    Removing elrs.o(.revsh_text), (4 bytes).
    Removing elrs.o(i.float_Map), (88 bytes).
    Removing elrs.o(i.float_Map_with_median), (116 bytes).
    Removing cfcmple.o(.text), (20 bytes).
    Removing stm32g0xx_hal_dma.o(i.__ARM_common_switch8), (26 bytes).

473 unused section(s) (total 33284 bytes) removed from the image.

==============================================================================

Image Symbol Table

    Local Symbols

    Symbol Name                              Value     Ov Type        Size  Object(Section)

    ../Core/Src/adc.c                        0x00000000   Number         0  adc.o ABSOLUTE
    ../Core/Src/dma.c                        0x00000000   Number         0  dma.o ABSOLUTE
    ../Core/Src/gpio.c                       0x00000000   Number         0  gpio.o ABSOLUTE
    ../Core/Src/main.c                       0x00000000   Number         0  main.o ABSOLUTE
    ../Core/Src/stm32g0xx_hal_msp.c          0x00000000   Number         0  stm32g0xx_hal_msp.o ABSOLUTE
    ../Core/Src/stm32g0xx_it.c               0x00000000   Number         0  stm32g0xx_it.o ABSOLUTE
    ../Core/Src/system_stm32g0xx.c           0x00000000   Number         0  system_stm32g0xx.o ABSOLUTE
    ../Core/Src/tim.c                        0x00000000   Number         0  tim.o ABSOLUTE
    ../Core/Src/usart.c                      0x00000000   Number         0  usart.o ABSOLUTE
    ../Drivers/STM32G0xx_HAL_Driver/Src/stm32g0xx_hal.c 0x00000000   Number         0  stm32g0xx_hal.o ABSOLUTE
    ../Drivers/STM32G0xx_HAL_Driver/Src/stm32g0xx_hal_adc.c 0x00000000   Number         0  stm32g0xx_hal_adc.o ABSOLUTE
    ../Drivers/STM32G0xx_HAL_Driver/Src/stm32g0xx_hal_adc_ex.c 0x00000000   Number         0  stm32g0xx_hal_adc_ex.o ABSOLUTE
    ../Drivers/STM32G0xx_HAL_Driver/Src/stm32g0xx_hal_cortex.c 0x00000000   Number         0  stm32g0xx_hal_cortex.o ABSOLUTE
    ../Drivers/STM32G0xx_HAL_Driver/Src/stm32g0xx_hal_dma.c 0x00000000   Number         0  stm32g0xx_hal_dma.o ABSOLUTE
    ../Drivers/STM32G0xx_HAL_Driver/Src/stm32g0xx_hal_dma_ex.c 0x00000000   Number         0  stm32g0xx_hal_dma_ex.o ABSOLUTE
    ../Drivers/STM32G0xx_HAL_Driver/Src/stm32g0xx_hal_exti.c 0x00000000   Number         0  stm32g0xx_hal_exti.o ABSOLUTE
    ../Drivers/STM32G0xx_HAL_Driver/Src/stm32g0xx_hal_flash.c 0x00000000   Number         0  stm32g0xx_hal_flash.o ABSOLUTE
    ../Drivers/STM32G0xx_HAL_Driver/Src/stm32g0xx_hal_flash_ex.c 0x00000000   Number         0  stm32g0xx_hal_flash_ex.o ABSOLUTE
    ../Drivers/STM32G0xx_HAL_Driver/Src/stm32g0xx_hal_gpio.c 0x00000000   Number         0  stm32g0xx_hal_gpio.o ABSOLUTE
    ../Drivers/STM32G0xx_HAL_Driver/Src/stm32g0xx_hal_pwr.c 0x00000000   Number         0  stm32g0xx_hal_pwr.o ABSOLUTE
    ../Drivers/STM32G0xx_HAL_Driver/Src/stm32g0xx_hal_pwr_ex.c 0x00000000   Number         0  stm32g0xx_hal_pwr_ex.o ABSOLUTE
    ../Drivers/STM32G0xx_HAL_Driver/Src/stm32g0xx_hal_rcc.c 0x00000000   Number         0  stm32g0xx_hal_rcc.o ABSOLUTE
    ../Drivers/STM32G0xx_HAL_Driver/Src/stm32g0xx_hal_rcc_ex.c 0x00000000   Number         0  stm32g0xx_hal_rcc_ex.o ABSOLUTE
    ../Drivers/STM32G0xx_HAL_Driver/Src/stm32g0xx_hal_tim.c 0x00000000   Number         0  stm32g0xx_hal_tim.o ABSOLUTE
    ../Drivers/STM32G0xx_HAL_Driver/Src/stm32g0xx_hal_tim_ex.c 0x00000000   Number         0  stm32g0xx_hal_tim_ex.o ABSOLUTE
    ../Drivers/STM32G0xx_HAL_Driver/Src/stm32g0xx_hal_uart.c 0x00000000   Number         0  stm32g0xx_hal_uart.o ABSOLUTE
    ../Drivers/STM32G0xx_HAL_Driver/Src/stm32g0xx_hal_uart_ex.c 0x00000000   Number         0  stm32g0xx_hal_uart_ex.o ABSOLUTE
    ../Drivers/STM32G0xx_HAL_Driver/Src/stm32g0xx_ll_adc.c 0x00000000   Number         0  stm32g0xx_ll_adc.o ABSOLUTE
    ../Drivers/STM32G0xx_HAL_Driver/Src/stm32g0xx_ll_rcc.c 0x00000000   Number         0  stm32g0xx_ll_rcc.o ABSOLUTE
    ../clib/microlib/division.c              0x00000000   Number         0  idiv.o ABSOLUTE
    ../clib/microlib/division.c              0x00000000   Number         0  uldiv.o ABSOLUTE
    ../clib/microlib/division.c              0x00000000   Number         0  uidiv.o ABSOLUTE
    ../clib/microlib/init/entry.s            0x00000000   Number         0  entry.o ABSOLUTE
    ../clib/microlib/init/entry.s            0x00000000   Number         0  entry11b.o ABSOLUTE
    ../clib/microlib/init/entry.s            0x00000000   Number         0  entry10b.o ABSOLUTE
    ../clib/microlib/init/entry.s            0x00000000   Number         0  entry10a.o ABSOLUTE
    ../clib/microlib/init/entry.s            0x00000000   Number         0  entry9b.o ABSOLUTE
    ../clib/microlib/init/entry.s            0x00000000   Number         0  entry9a.o ABSOLUTE
    ../clib/microlib/init/entry.s            0x00000000   Number         0  entry8b.o ABSOLUTE
    ../clib/microlib/init/entry.s            0x00000000   Number         0  entry8a.o ABSOLUTE
    ../clib/microlib/init/entry.s            0x00000000   Number         0  entry11a.o ABSOLUTE
    ../clib/microlib/init/entry.s            0x00000000   Number         0  entry7b.o ABSOLUTE
    ../clib/microlib/init/entry.s            0x00000000   Number         0  entry7a.o ABSOLUTE
    ../clib/microlib/init/entry.s            0x00000000   Number         0  entry2.o ABSOLUTE
    ../clib/microlib/init/entry.s            0x00000000   Number         0  entry5.o ABSOLUTE
    ../clib/microlib/longlong.c              0x00000000   Number         0  llushr.o ABSOLUTE
    ../clib/microlib/longlong.c              0x00000000   Number         0  llshl.o ABSOLUTE
    ../clib/microlib/string/memset.c         0x00000000   Number         0  memseta.o ABSOLUTE
    ../clib/microlib/stubs.s                 0x00000000   Number         0  iusefp.o ABSOLUTE
    ../fplib/microlib/d2f.c                  0x00000000   Number         0  d2f.o ABSOLUTE
    ../fplib/microlib/fpadd.c                0x00000000   Number         0  fadd.o ABSOLUTE
    ../fplib/microlib/fpdiv.c                0x00000000   Number         0  fdiv.o ABSOLUTE
    ../fplib/microlib/fpepilogue.c           0x00000000   Number         0  fepilogue.o ABSOLUTE
    ../fplib/microlib/fpepilogue.c           0x00000000   Number         0  depilogue.o ABSOLUTE
    ../fplib/microlib/fpfix.c                0x00000000   Number         0  ffixi.o ABSOLUTE
    ../fplib/microlib/fpflt.c                0x00000000   Number         0  dflti.o ABSOLUTE
    ../fplib/microlib/fpflt.c                0x00000000   Number         0  ffltui.o ABSOLUTE
    ../fplib/microlib/fpflt.c                0x00000000   Number         0  fflti.o ABSOLUTE
    ../fplib/microlib/fpmul.c                0x00000000   Number         0  fmul.o ABSOLUTE
    ../fplib/microlib/fpscalb.c              0x00000000   Number         0  fscalb.o ABSOLUTE
    ..\Core\Src\adc.c                        0x00000000   Number         0  adc.o ABSOLUTE
    ..\Core\Src\dma.c                        0x00000000   Number         0  dma.o ABSOLUTE
    ..\Core\Src\gpio.c                       0x00000000   Number         0  gpio.o ABSOLUTE
    ..\Core\Src\main.c                       0x00000000   Number         0  main.o ABSOLUTE
    ..\Core\Src\stm32g0xx_hal_msp.c          0x00000000   Number         0  stm32g0xx_hal_msp.o ABSOLUTE
    ..\Core\Src\stm32g0xx_it.c               0x00000000   Number         0  stm32g0xx_it.o ABSOLUTE
    ..\Core\Src\system_stm32g0xx.c           0x00000000   Number         0  system_stm32g0xx.o ABSOLUTE
    ..\Core\Src\tim.c                        0x00000000   Number         0  tim.o ABSOLUTE
    ..\Core\Src\usart.c                      0x00000000   Number         0  usart.o ABSOLUTE
    ..\Drivers\STM32G0xx_HAL_Driver\Src\stm32g0xx_hal.c 0x00000000   Number         0  stm32g0xx_hal.o ABSOLUTE
    ..\Drivers\STM32G0xx_HAL_Driver\Src\stm32g0xx_hal_adc.c 0x00000000   Number         0  stm32g0xx_hal_adc.o ABSOLUTE
    ..\Drivers\STM32G0xx_HAL_Driver\Src\stm32g0xx_hal_adc_ex.c 0x00000000   Number         0  stm32g0xx_hal_adc_ex.o ABSOLUTE
    ..\Drivers\STM32G0xx_HAL_Driver\Src\stm32g0xx_hal_cortex.c 0x00000000   Number         0  stm32g0xx_hal_cortex.o ABSOLUTE
    ..\Drivers\STM32G0xx_HAL_Driver\Src\stm32g0xx_hal_dma.c 0x00000000   Number         0  stm32g0xx_hal_dma.o ABSOLUTE
    ..\Drivers\STM32G0xx_HAL_Driver\Src\stm32g0xx_hal_dma_ex.c 0x00000000   Number         0  stm32g0xx_hal_dma_ex.o ABSOLUTE
    ..\Drivers\STM32G0xx_HAL_Driver\Src\stm32g0xx_hal_exti.c 0x00000000   Number         0  stm32g0xx_hal_exti.o ABSOLUTE
    ..\Drivers\STM32G0xx_HAL_Driver\Src\stm32g0xx_hal_flash.c 0x00000000   Number         0  stm32g0xx_hal_flash.o ABSOLUTE
    ..\Drivers\STM32G0xx_HAL_Driver\Src\stm32g0xx_hal_flash_ex.c 0x00000000   Number         0  stm32g0xx_hal_flash_ex.o ABSOLUTE
    ..\Drivers\STM32G0xx_HAL_Driver\Src\stm32g0xx_hal_gpio.c 0x00000000   Number         0  stm32g0xx_hal_gpio.o ABSOLUTE
    ..\Drivers\STM32G0xx_HAL_Driver\Src\stm32g0xx_hal_pwr.c 0x00000000   Number         0  stm32g0xx_hal_pwr.o ABSOLUTE
    ..\Drivers\STM32G0xx_HAL_Driver\Src\stm32g0xx_hal_pwr_ex.c 0x00000000   Number         0  stm32g0xx_hal_pwr_ex.o ABSOLUTE
    ..\Drivers\STM32G0xx_HAL_Driver\Src\stm32g0xx_hal_rcc.c 0x00000000   Number         0  stm32g0xx_hal_rcc.o ABSOLUTE
    ..\Drivers\STM32G0xx_HAL_Driver\Src\stm32g0xx_hal_rcc_ex.c 0x00000000   Number         0  stm32g0xx_hal_rcc_ex.o ABSOLUTE
    ..\Drivers\STM32G0xx_HAL_Driver\Src\stm32g0xx_hal_tim.c 0x00000000   Number         0  stm32g0xx_hal_tim.o ABSOLUTE
    ..\Drivers\STM32G0xx_HAL_Driver\Src\stm32g0xx_hal_tim_ex.c 0x00000000   Number         0  stm32g0xx_hal_tim_ex.o ABSOLUTE
    ..\Drivers\STM32G0xx_HAL_Driver\Src\stm32g0xx_hal_uart.c 0x00000000   Number         0  stm32g0xx_hal_uart.o ABSOLUTE
    ..\Drivers\STM32G0xx_HAL_Driver\Src\stm32g0xx_hal_uart_ex.c 0x00000000   Number         0  stm32g0xx_hal_uart_ex.o ABSOLUTE
    ..\\user\\module\\AS5600\\AS5600_PWM.c   0x00000000   Number         0  as5600_pwm.o ABSOLUTE
    ..\\user\\module\\elrs\\elrs.c           0x00000000   Number         0  elrs.o ABSOLUTE
    ..\\user\\module\\motor\\motor.c         0x00000000   Number         0  motor.o ABSOLUTE
    ..\\user\\module\\pid\\pid.c             0x00000000   Number         0  pid.o ABSOLUTE
    ..\user\module\AS5600\AS5600_PWM.c       0x00000000   Number         0  as5600_pwm.o ABSOLUTE
    ..\user\module\elrs\elrs.c               0x00000000   Number         0  elrs.o ABSOLUTE
    ..\user\module\motor\motor.c             0x00000000   Number         0  motor.o ABSOLUTE
    ..\user\module\pid\pid.c                 0x00000000   Number         0  pid.o ABSOLUTE
    cfcmple.s                                0x00000000   Number         0  cfcmple.o ABSOLUTE
    cfrcmple.s                               0x00000000   Number         0  cfrcmple.o ABSOLUTE
    dc.s                                     0x00000000   Number         0  dc.o ABSOLUTE
    handlers.s                               0x00000000   Number         0  handlers.o ABSOLUTE
    init.s                                   0x00000000   Number         0  init.o ABSOLUTE
    startup_stm32g031xx.s                    0x00000000   Number         0  startup_stm32g031xx.o ABSOLUTE
    RESET                                    0x08000000   Section      192  startup_stm32g031xx.o(RESET)
    .ARM.Collect$$$$00000000                 0x080000c0   Section        0  entry.o(.ARM.Collect$$$$00000000)
    .ARM.Collect$$$$00000001                 0x080000c0   Section        4  entry2.o(.ARM.Collect$$$$00000001)
    .ARM.Collect$$$$00000004                 0x080000c4   Section        4  entry5.o(.ARM.Collect$$$$00000004)
    .ARM.Collect$$$$00000008                 0x080000c8   Section        0  entry7b.o(.ARM.Collect$$$$00000008)
    .ARM.Collect$$$$0000000A                 0x080000c8   Section        0  entry8b.o(.ARM.Collect$$$$0000000A)
    .ARM.Collect$$$$0000000B                 0x080000c8   Section        8  entry9a.o(.ARM.Collect$$$$0000000B)
    .ARM.Collect$$$$0000000D                 0x080000d0   Section        0  entry10a.o(.ARM.Collect$$$$0000000D)
    .ARM.Collect$$$$0000000F                 0x080000d0   Section        0  entry11a.o(.ARM.Collect$$$$0000000F)
    .ARM.Collect$$$$00002712                 0x080000d0   Section        4  entry2.o(.ARM.Collect$$$$00002712)
    __lit__00000000                          0x080000d0   Data           4  entry2.o(.ARM.Collect$$$$00002712)
    .text                                    0x080000d4   Section       28  startup_stm32g031xx.o(.text)
    .text                                    0x080000f0   Section        0  uidiv.o(.text)
    .text                                    0x0800011c   Section        0  idiv.o(.text)
    .text                                    0x08000144   Section        0  uldiv.o(.text)
    .text                                    0x080001a4   Section        0  memseta.o(.text)
    .text                                    0x080001c8   Section        0  fadd.o(.text)
    .text                                    0x0800027a   Section        0  fmul.o(.text)
    .text                                    0x080002f4   Section        0  fdiv.o(.text)
    .text                                    0x08000370   Section        0  fscalb.o(.text)
    .text                                    0x08000388   Section        0  fflti.o(.text)
    .text                                    0x0800039e   Section        0  ffltui.o(.text)
    .text                                    0x080003ac   Section        0  dflti.o(.text)
    .text                                    0x080003d4   Section        0  ffixi.o(.text)
    .text                                    0x08000406   Section        0  d2f.o(.text)
    .text                                    0x08000440   Section       20  cfrcmple.o(.text)
    .text                                    0x08000454   Section        0  llshl.o(.text)
    .text                                    0x08000474   Section        0  llushr.o(.text)
    .text                                    0x08000496   Section        0  fepilogue.o(.text)
    .text                                    0x08000496   Section        0  iusefp.o(.text)
    .text                                    0x08000518   Section        0  depilogue.o(.text)
    .text                                    0x080005d8   Section       36  init.o(.text)
    i.ADC_ConversionStop                     0x080005fc   Section        0  stm32g0xx_hal_adc.o(i.ADC_ConversionStop)
    i.ADC_DMAConvCplt                        0x0800065c   Section        0  stm32g0xx_hal_adc.o(i.ADC_DMAConvCplt)
    ADC_DMAConvCplt                          0x0800065d   Thumb Code   128  stm32g0xx_hal_adc.o(i.ADC_DMAConvCplt)
    i.ADC_DMAError                           0x080006dc   Section        0  stm32g0xx_hal_adc.o(i.ADC_DMAError)
    ADC_DMAError                             0x080006dd   Thumb Code    26  stm32g0xx_hal_adc.o(i.ADC_DMAError)
    i.ADC_DMAHalfConvCplt                    0x080006f6   Section        0  stm32g0xx_hal_adc.o(i.ADC_DMAHalfConvCplt)
    ADC_DMAHalfConvCplt                      0x080006f7   Thumb Code    10  stm32g0xx_hal_adc.o(i.ADC_DMAHalfConvCplt)
    i.ADC_Disable                            0x08000700   Section        0  stm32g0xx_hal_adc.o(i.ADC_Disable)
    i.ADC_Enable                             0x08000774   Section        0  stm32g0xx_hal_adc.o(i.ADC_Enable)
    i.Chassis_PID_Init                       0x08000828   Section        0  motor.o(i.Chassis_PID_Init)
    i.DMA1_Channel1_IRQHandler               0x08000888   Section        0  stm32g0xx_it.o(i.DMA1_Channel1_IRQHandler)
    i.DMA1_Channel2_3_IRQHandler             0x08000898   Section        0  stm32g0xx_it.o(i.DMA1_Channel2_3_IRQHandler)
    i.DMA_CalcDMAMUXChannelBaseAndMask       0x080008a8   Section        0  stm32g0xx_hal_dma.o(i.DMA_CalcDMAMUXChannelBaseAndMask)
    DMA_CalcDMAMUXChannelBaseAndMask         0x080008a9   Thumb Code    44  stm32g0xx_hal_dma.o(i.DMA_CalcDMAMUXChannelBaseAndMask)
    i.DMA_CalcDMAMUXRequestGenBaseAndMask    0x080008d8   Section        0  stm32g0xx_hal_dma.o(i.DMA_CalcDMAMUXRequestGenBaseAndMask)
    DMA_CalcDMAMUXRequestGenBaseAndMask      0x080008d9   Thumb Code    34  stm32g0xx_hal_dma.o(i.DMA_CalcDMAMUXRequestGenBaseAndMask)
    i.DMA_SetConfig                          0x08000900   Section        0  stm32g0xx_hal_dma.o(i.DMA_SetConfig)
    DMA_SetConfig                            0x08000901   Thumb Code    66  stm32g0xx_hal_dma.o(i.DMA_SetConfig)
    i.ELRS_Init                              0x08000948   Section        0  elrs.o(i.ELRS_Init)
    i.ELRS_UARTE_RxCallback                  0x08000970   Section        0  elrs.o(i.ELRS_UARTE_RxCallback)
    i.Error_Handler                          0x08000b08   Section        0  main.o(i.Error_Handler)
    i.HAL_ADCEx_Calibration_Start            0x08000b0c   Section        0  stm32g0xx_hal_adc_ex.o(i.HAL_ADCEx_Calibration_Start)
    i.HAL_ADC_ConfigChannel                  0x08000c6c   Section        0  stm32g0xx_hal_adc.o(i.HAL_ADC_ConfigChannel)
    i.HAL_ADC_ConvCpltCallback               0x08000e90   Section        0  stm32g0xx_hal_adc.o(i.HAL_ADC_ConvCpltCallback)
    i.HAL_ADC_ConvHalfCpltCallback           0x08000e92   Section        0  stm32g0xx_hal_adc.o(i.HAL_ADC_ConvHalfCpltCallback)
    i.HAL_ADC_ErrorCallback                  0x08000e94   Section        0  stm32g0xx_hal_adc.o(i.HAL_ADC_ErrorCallback)
    i.HAL_ADC_Init                           0x08000e98   Section        0  stm32g0xx_hal_adc.o(i.HAL_ADC_Init)
    i.HAL_ADC_MspInit                        0x080010b8   Section        0  adc.o(i.HAL_ADC_MspInit)
    i.HAL_ADC_Start_DMA                      0x0800114c   Section        0  stm32g0xx_hal_adc.o(i.HAL_ADC_Start_DMA)
    i.HAL_ADC_Stop_DMA                       0x08001200   Section        0  stm32g0xx_hal_adc.o(i.HAL_ADC_Stop_DMA)
    i.HAL_DMA_Abort                          0x08001278   Section        0  stm32g0xx_hal_dma.o(i.HAL_DMA_Abort)
    i.HAL_DMA_Abort_IT                       0x080012ec   Section        0  stm32g0xx_hal_dma.o(i.HAL_DMA_Abort_IT)
    i.HAL_DMA_IRQHandler                     0x08001368   Section        0  stm32g0xx_hal_dma.o(i.HAL_DMA_IRQHandler)
    i.HAL_DMA_Init                           0x08001420   Section        0  stm32g0xx_hal_dma.o(i.HAL_DMA_Init)
    i.HAL_DMA_Start_IT                       0x080014c4   Section        0  stm32g0xx_hal_dma.o(i.HAL_DMA_Start_IT)
    i.HAL_Delay                              0x08001550   Section        0  stm32g0xx_hal.o(i.HAL_Delay)
    i.HAL_GPIO_Init                          0x08001574   Section        0  stm32g0xx_hal_gpio.o(i.HAL_GPIO_Init)
    i.HAL_GetTick                            0x080016d0   Section        0  stm32g0xx_hal.o(i.HAL_GetTick)
    i.HAL_IncTick                            0x080016dc   Section        0  stm32g0xx_hal.o(i.HAL_IncTick)
    i.HAL_Init                               0x080016ec   Section        0  stm32g0xx_hal.o(i.HAL_Init)
    i.HAL_InitTick                           0x08001714   Section        0  stm32g0xx_hal.o(i.HAL_InitTick)
    i.HAL_MspInit                            0x0800175c   Section        0  stm32g0xx_hal_msp.o(i.HAL_MspInit)
    i.HAL_NVIC_EnableIRQ                     0x08001788   Section        0  stm32g0xx_hal_cortex.o(i.HAL_NVIC_EnableIRQ)
    i.HAL_NVIC_SetPriority                   0x080017a0   Section        0  stm32g0xx_hal_cortex.o(i.HAL_NVIC_SetPriority)
    i.HAL_PWREx_ControlVoltageScaling        0x080017a8   Section        0  stm32g0xx_hal_pwr_ex.o(i.HAL_PWREx_ControlVoltageScaling)
    i.HAL_RCCEx_PeriphCLKConfig              0x080017f4   Section        0  stm32g0xx_hal_rcc_ex.o(i.HAL_RCCEx_PeriphCLKConfig)
    i.HAL_RCC_ClockConfig                    0x080019a4   Section        0  stm32g0xx_hal_rcc.o(i.HAL_RCC_ClockConfig)
    i.HAL_RCC_GetPCLK1Freq                   0x08001afc   Section        0  stm32g0xx_hal_rcc.o(i.HAL_RCC_GetPCLK1Freq)
    i.HAL_RCC_GetSysClockFreq                0x08001b24   Section        0  stm32g0xx_hal_rcc.o(i.HAL_RCC_GetSysClockFreq)
    i.HAL_RCC_OscConfig                      0x08001bb0   Section        0  stm32g0xx_hal_rcc.o(i.HAL_RCC_OscConfig)
    i.HAL_SYSTICK_Config                     0x08001f98   Section        0  stm32g0xx_hal_cortex.o(i.HAL_SYSTICK_Config)
    i.HAL_TIMEx_Break2Callback               0x08001fc8   Section        0  stm32g0xx_hal_tim_ex.o(i.HAL_TIMEx_Break2Callback)
    i.HAL_TIMEx_BreakCallback                0x08001fca   Section        0  stm32g0xx_hal_tim_ex.o(i.HAL_TIMEx_BreakCallback)
    i.HAL_TIMEx_CommutCallback               0x08001fcc   Section        0  stm32g0xx_hal_tim_ex.o(i.HAL_TIMEx_CommutCallback)
    i.HAL_TIMEx_MasterConfigSynchronization  0x08001fd0   Section        0  stm32g0xx_hal_tim_ex.o(i.HAL_TIMEx_MasterConfigSynchronization)
    i.HAL_TIM_Base_Init                      0x0800203c   Section        0  stm32g0xx_hal_tim.o(i.HAL_TIM_Base_Init)
    i.HAL_TIM_Base_MspInit                   0x08002088   Section        0  tim.o(i.HAL_TIM_Base_MspInit)
    i.HAL_TIM_Base_Start                     0x080020e4   Section        0  stm32g0xx_hal_tim.o(i.HAL_TIM_Base_Start)
    i.HAL_TIM_ConfigClockSource              0x08002134   Section        0  stm32g0xx_hal_tim.o(i.HAL_TIM_ConfigClockSource)
    i.HAL_TIM_IC_CaptureCallback             0x08002214   Section        0  stm32g0xx_hal_tim.o(i.HAL_TIM_IC_CaptureCallback)
    i.HAL_TIM_IRQHandler                     0x08002218   Section        0  stm32g0xx_hal_tim.o(i.HAL_TIM_IRQHandler)
    i.HAL_TIM_MspPostInit                    0x08002360   Section        0  tim.o(i.HAL_TIM_MspPostInit)
    i.HAL_TIM_OC_DelayElapsedCallback        0x08002424   Section        0  stm32g0xx_hal_tim.o(i.HAL_TIM_OC_DelayElapsedCallback)
    i.HAL_TIM_PWM_ConfigChannel              0x08002426   Section        0  stm32g0xx_hal_tim.o(i.HAL_TIM_PWM_ConfigChannel)
    i.HAL_TIM_PWM_Init                       0x0800254e   Section        0  stm32g0xx_hal_tim.o(i.HAL_TIM_PWM_Init)
    i.HAL_TIM_PWM_MspInit                    0x0800259c   Section        0  tim.o(i.HAL_TIM_PWM_MspInit)
    i.HAL_TIM_PWM_PulseFinishedCallback      0x080025d8   Section        0  stm32g0xx_hal_tim.o(i.HAL_TIM_PWM_PulseFinishedCallback)
    i.HAL_TIM_PWM_Start                      0x080025dc   Section        0  stm32g0xx_hal_tim.o(i.HAL_TIM_PWM_Start)
    i.HAL_TIM_PeriodElapsedCallback          0x080026a4   Section        0  stm32g0xx_hal_tim.o(i.HAL_TIM_PeriodElapsedCallback)
    i.HAL_TIM_TriggerCallback                0x080026a6   Section        0  stm32g0xx_hal_tim.o(i.HAL_TIM_TriggerCallback)
    i.HAL_UARTEx_DisableFifoMode             0x080026a8   Section        0  stm32g0xx_hal_uart_ex.o(i.HAL_UARTEx_DisableFifoMode)
    i.HAL_UARTEx_ReceiveToIdle_DMA           0x080026e4   Section        0  stm32g0xx_hal_uart_ex.o(i.HAL_UARTEx_ReceiveToIdle_DMA)
    i.HAL_UARTEx_RxEventCallback             0x08002750   Section        0  main.o(i.HAL_UARTEx_RxEventCallback)
    i.HAL_UARTEx_RxFifoFullCallback          0x08002764   Section        0  stm32g0xx_hal_uart_ex.o(i.HAL_UARTEx_RxFifoFullCallback)
    i.HAL_UARTEx_SetRxFifoThreshold          0x08002766   Section        0  stm32g0xx_hal_uart_ex.o(i.HAL_UARTEx_SetRxFifoThreshold)
    i.HAL_UARTEx_SetTxFifoThreshold          0x080027ae   Section        0  stm32g0xx_hal_uart_ex.o(i.HAL_UARTEx_SetTxFifoThreshold)
    i.HAL_UARTEx_TxFifoEmptyCallback         0x080027f4   Section        0  stm32g0xx_hal_uart_ex.o(i.HAL_UARTEx_TxFifoEmptyCallback)
    i.HAL_UARTEx_WakeupCallback              0x080027f6   Section        0  stm32g0xx_hal_uart_ex.o(i.HAL_UARTEx_WakeupCallback)
    i.HAL_UART_ErrorCallback                 0x080027f8   Section        0  stm32g0xx_hal_uart.o(i.HAL_UART_ErrorCallback)
    i.HAL_UART_IRQHandler                    0x080027fc   Section        0  stm32g0xx_hal_uart.o(i.HAL_UART_IRQHandler)
    i.HAL_UART_Init                          0x08002aec   Section        0  stm32g0xx_hal_uart.o(i.HAL_UART_Init)
    i.HAL_UART_MspInit                       0x08002b58   Section        0  usart.o(i.HAL_UART_MspInit)
    i.HAL_UART_RxCpltCallback                0x08002c1c   Section        0  stm32g0xx_hal_uart.o(i.HAL_UART_RxCpltCallback)
    i.HAL_UART_RxHalfCpltCallback            0x08002c1e   Section        0  stm32g0xx_hal_uart.o(i.HAL_UART_RxHalfCpltCallback)
    i.HAL_UART_TxCpltCallback                0x08002c20   Section        0  stm32g0xx_hal_uart.o(i.HAL_UART_TxCpltCallback)
    i.HardFault_Handler                      0x08002c22   Section        0  stm32g0xx_it.o(i.HardFault_Handler)
    i.LL_ADC_IsEnabled                       0x08002c24   Section        0  stm32g0xx_hal_adc.o(i.LL_ADC_IsEnabled)
    LL_ADC_IsEnabled                         0x08002c25   Thumb Code     8  stm32g0xx_hal_adc.o(i.LL_ADC_IsEnabled)
    i.LL_ADC_IsEnabled                       0x08002c2c   Section        0  stm32g0xx_hal_adc_ex.o(i.LL_ADC_IsEnabled)
    LL_ADC_IsEnabled                         0x08002c2d   Thumb Code     8  stm32g0xx_hal_adc_ex.o(i.LL_ADC_IsEnabled)
    i.LL_ADC_REG_IsConversionOngoing         0x08002c34   Section        0  stm32g0xx_hal_adc.o(i.LL_ADC_REG_IsConversionOngoing)
    LL_ADC_REG_IsConversionOngoing           0x08002c35   Thumb Code     8  stm32g0xx_hal_adc.o(i.LL_ADC_REG_IsConversionOngoing)
    i.LL_ADC_REG_IsTriggerSourceSWStart      0x08002c3c   Section        0  stm32g0xx_hal_adc.o(i.LL_ADC_REG_IsTriggerSourceSWStart)
    LL_ADC_REG_IsTriggerSourceSWStart        0x08002c3d   Thumb Code    16  stm32g0xx_hal_adc.o(i.LL_ADC_REG_IsTriggerSourceSWStart)
    i.LL_ADC_SetCommonPathInternalCh         0x08002c4c   Section        0  stm32g0xx_hal_adc.o(i.LL_ADC_SetCommonPathInternalCh)
    LL_ADC_SetCommonPathInternalCh           0x08002c4d   Thumb Code    14  stm32g0xx_hal_adc.o(i.LL_ADC_SetCommonPathInternalCh)
    i.LL_ADC_SetSamplingTimeCommonChannels   0x08002c5a   Section        0  stm32g0xx_hal_adc.o(i.LL_ADC_SetSamplingTimeCommonChannels)
    LL_ADC_SetSamplingTimeCommonChannels     0x08002c5b   Thumb Code    22  stm32g0xx_hal_adc.o(i.LL_ADC_SetSamplingTimeCommonChannels)
    i.MX_ADC1_Init                           0x08002c70   Section        0  adc.o(i.MX_ADC1_Init)
    i.MX_DMA_Init                            0x08002d30   Section        0  dma.o(i.MX_DMA_Init)
    i.MX_GPIO_Init                           0x08002d68   Section        0  gpio.o(i.MX_GPIO_Init)
    i.MX_TIM1_Init                           0x08002d90   Section        0  tim.o(i.MX_TIM1_Init)
    i.MX_TIM2_Init                           0x08002e04   Section        0  tim.o(i.MX_TIM2_Init)
    i.MX_TIM3_Init                           0x08002eb4   Section        0  tim.o(i.MX_TIM3_Init)
    i.MX_USART1_UART_Init                    0x08002f64   Section        0  usart.o(i.MX_USART1_UART_Init)
    i.Motor_PID_Control                      0x08002fd0   Section        0  motor.o(i.Motor_PID_Control)
    i.NMI_Handler                            0x0800308c   Section        0  stm32g0xx_it.o(i.NMI_Handler)
    i.PID_calc                               0x0800308e   Section        0  pid.o(i.PID_calc)
    i.PID_init                               0x080031a4   Section        0  pid.o(i.PID_init)
    i.PendSV_Handler                         0x080031dc   Section        0  stm32g0xx_it.o(i.PendSV_Handler)
    i.SVC_Handler                            0x080031de   Section        0  stm32g0xx_it.o(i.SVC_Handler)
    i.Set_Pwm                                0x080031e0   Section        0  motor.o(i.Set_Pwm)
    i.StarAndGetResult                       0x08003278   Section        0  as5600_pwm.o(i.StarAndGetResult)
    i.SysTick_Handler                        0x080032f8   Section        0  stm32g0xx_it.o(i.SysTick_Handler)
    i.SystemClock_Config                     0x08003300   Section        0  main.o(i.SystemClock_Config)
    i.SystemInit                             0x0800336e   Section        0  system_stm32g0xx.o(i.SystemInit)
    i.TIM1_BRK_UP_TRG_COM_IRQHandler         0x08003370   Section        0  stm32g0xx_it.o(i.TIM1_BRK_UP_TRG_COM_IRQHandler)
    i.TIM_Base_SetConfig                     0x08003380   Section        0  stm32g0xx_hal_tim.o(i.TIM_Base_SetConfig)
    i.TIM_CCxChannelCmd                      0x08003414   Section        0  stm32g0xx_hal_tim.o(i.TIM_CCxChannelCmd)
    i.TIM_ETR_SetConfig                      0x0800342e   Section        0  stm32g0xx_hal_tim.o(i.TIM_ETR_SetConfig)
    i.TIM_ITRx_SetConfig                     0x08003444   Section        0  stm32g0xx_hal_tim.o(i.TIM_ITRx_SetConfig)
    TIM_ITRx_SetConfig                       0x08003445   Thumb Code    16  stm32g0xx_hal_tim.o(i.TIM_ITRx_SetConfig)
    i.TIM_OC1_SetConfig                      0x08003458   Section        0  stm32g0xx_hal_tim.o(i.TIM_OC1_SetConfig)
    TIM_OC1_SetConfig                        0x08003459   Thumb Code   108  stm32g0xx_hal_tim.o(i.TIM_OC1_SetConfig)
    i.TIM_OC2_SetConfig                      0x080034d4   Section        0  stm32g0xx_hal_tim.o(i.TIM_OC2_SetConfig)
    i.TIM_OC3_SetConfig                      0x08003550   Section        0  stm32g0xx_hal_tim.o(i.TIM_OC3_SetConfig)
    TIM_OC3_SetConfig                        0x08003551   Thumb Code   108  stm32g0xx_hal_tim.o(i.TIM_OC3_SetConfig)
    i.TIM_OC4_SetConfig                      0x080035cc   Section        0  stm32g0xx_hal_tim.o(i.TIM_OC4_SetConfig)
    TIM_OC4_SetConfig                        0x080035cd   Thumb Code    88  stm32g0xx_hal_tim.o(i.TIM_OC4_SetConfig)
    i.TIM_OC5_SetConfig                      0x08003634   Section        0  stm32g0xx_hal_tim.o(i.TIM_OC5_SetConfig)
    TIM_OC5_SetConfig                        0x08003635   Thumb Code    74  stm32g0xx_hal_tim.o(i.TIM_OC5_SetConfig)
    i.TIM_OC6_SetConfig                      0x08003690   Section        0  stm32g0xx_hal_tim.o(i.TIM_OC6_SetConfig)
    TIM_OC6_SetConfig                        0x08003691   Thumb Code    84  stm32g0xx_hal_tim.o(i.TIM_OC6_SetConfig)
    i.TIM_TI1_ConfigInputStage               0x080036f4   Section        0  stm32g0xx_hal_tim.o(i.TIM_TI1_ConfigInputStage)
    TIM_TI1_ConfigInputStage                 0x080036f5   Thumb Code    34  stm32g0xx_hal_tim.o(i.TIM_TI1_ConfigInputStage)
    i.TIM_TI2_ConfigInputStage               0x08003716   Section        0  stm32g0xx_hal_tim.o(i.TIM_TI2_ConfigInputStage)
    TIM_TI2_ConfigInputStage                 0x08003717   Thumb Code    38  stm32g0xx_hal_tim.o(i.TIM_TI2_ConfigInputStage)
    i.UARTEx_SetNbDataToProcess              0x0800373c   Section        0  stm32g0xx_hal_uart_ex.o(i.UARTEx_SetNbDataToProcess)
    UARTEx_SetNbDataToProcess                0x0800373d   Thumb Code    62  stm32g0xx_hal_uart_ex.o(i.UARTEx_SetNbDataToProcess)
    i.UART_AdvFeatureConfig                  0x08003780   Section        0  stm32g0xx_hal_uart.o(i.UART_AdvFeatureConfig)
    i.UART_CheckIdleState                    0x0800384c   Section        0  stm32g0xx_hal_uart.o(i.UART_CheckIdleState)
    i.UART_DMAAbortOnError                   0x08003904   Section        0  stm32g0xx_hal_uart.o(i.UART_DMAAbortOnError)
    UART_DMAAbortOnError                     0x08003905   Thumb Code    20  stm32g0xx_hal_uart.o(i.UART_DMAAbortOnError)
    i.UART_DMAError                          0x08003918   Section        0  stm32g0xx_hal_uart.o(i.UART_DMAError)
    UART_DMAError                            0x08003919   Thumb Code    78  stm32g0xx_hal_uart.o(i.UART_DMAError)
    i.UART_DMAReceiveCplt                    0x08003966   Section        0  stm32g0xx_hal_uart.o(i.UART_DMAReceiveCplt)
    UART_DMAReceiveCplt                      0x08003967   Thumb Code   156  stm32g0xx_hal_uart.o(i.UART_DMAReceiveCplt)
    i.UART_DMARxHalfCplt                     0x08003a02   Section        0  stm32g0xx_hal_uart.o(i.UART_DMARxHalfCplt)
    UART_DMARxHalfCplt                       0x08003a03   Thumb Code    32  stm32g0xx_hal_uart.o(i.UART_DMARxHalfCplt)
    i.UART_EndRxTransfer                     0x08003a24   Section        0  stm32g0xx_hal_uart.o(i.UART_EndRxTransfer)
    UART_EndRxTransfer                       0x08003a25   Thumb Code    96  stm32g0xx_hal_uart.o(i.UART_EndRxTransfer)
    i.UART_EndTxTransfer                     0x08003a88   Section        0  stm32g0xx_hal_uart.o(i.UART_EndTxTransfer)
    UART_EndTxTransfer                       0x08003a89   Thumb Code    60  stm32g0xx_hal_uart.o(i.UART_EndTxTransfer)
    i.UART_SetConfig                         0x08003ac4   Section        0  stm32g0xx_hal_uart.o(i.UART_SetConfig)
    i.UART_Start_Receive_DMA                 0x08003cd0   Section        0  stm32g0xx_hal_uart.o(i.UART_Start_Receive_DMA)
    i.UART_WaitOnFlagUntilTimeout            0x08003d7c   Section        0  stm32g0xx_hal_uart.o(i.UART_WaitOnFlagUntilTimeout)
    i.USART1_IRQHandler                      0x08003e0c   Section        0  stm32g0xx_it.o(i.USART1_IRQHandler)
    i.__ARM_clz                              0x08003e1c   Section        0  depilogue.o(i.__ARM_clz)
    i.__NVIC_SetPriority                     0x08003e4c   Section        0  stm32g0xx_hal_cortex.o(i.__NVIC_SetPriority)
    __NVIC_SetPriority                       0x08003e4d   Thumb Code    60  stm32g0xx_hal_cortex.o(i.__NVIC_SetPriority)
    i.__scatterload_copy                     0x08003e90   Section       14  handlers.o(i.__scatterload_copy)
    i.__scatterload_null                     0x08003e9e   Section        2  handlers.o(i.__scatterload_null)
    i.__scatterload_zeroinit                 0x08003ea0   Section       14  handlers.o(i.__scatterload_zeroinit)
    i.abs16_fast                             0x08003eae   Section        0  motor.o(i.abs16_fast)
    abs16_fast                               0x08003eaf   Thumb Code    10  motor.o(i.abs16_fast)
    i.int16_Map                              0x08003eb8   Section        0  elrs.o(i.int16_Map)
    int16_Map                                0x08003eb9   Thumb Code    46  elrs.o(i.int16_Map)
    i.int16_Map_with_median                  0x08003ee6   Section        0  elrs.o(i.int16_Map_with_median)
    int16_Map_with_median                    0x08003ee7   Thumb Code    56  elrs.o(i.int16_Map_with_median)
    i.main                                   0x08003f20   Section        0  main.o(i.main)
    i.motor_disable                          0x0800477c   Section        0  main.o(i.motor_disable)
    i.q15_mul                                0x080047a4   Section        0  main.o(i.q15_mul)
    q15_mul                                  0x080047a5   Thumb Code     8  main.o(i.q15_mul)
    .constdata                               0x080047ac   Section       18  main.o(.constdata)
    COS_Q15_15                               0x080047ac   Data          18  main.o(.constdata)
    .constdata                               0x080047be   Section       24  stm32g0xx_hal_uart.o(.constdata)
    .constdata                               0x080047d6   Section       16  stm32g0xx_hal_uart_ex.o(.constdata)
    numerator                                0x080047d6   Data           8  stm32g0xx_hal_uart_ex.o(.constdata)
    denominator                              0x080047de   Data           8  stm32g0xx_hal_uart_ex.o(.constdata)
    .constdata                               0x080047e8   Section       64  system_stm32g0xx.o(.constdata)
    .constdata                               0x08004828   Section       32  system_stm32g0xx.o(.constdata)
    .constdata                               0x08004848   Section       12  motor.o(.constdata)
    .data                                    0x20000000   Section       44  main.o(.data)
    sm_idx                                   0x20000000   Data           1  main.o(.data)
    sm_dir                                   0x20000001   Data           1  main.o(.data)
    thr                                      0x20000002   Data           1  main.o(.data)
    g_last_ms                                0x2000000c   Data           4  main.o(.data)
    sm_next_tick                             0x20000010   Data           4  main.o(.data)
    last_smooth_time                         0x20000014   Data           4  main.o(.data)
    last_smooth_time_mode0                   0x20000018   Data           4  main.o(.data)
    last_smooth_time_front_safe              0x2000001c   Data           4  main.o(.data)
    last_smooth_time_front                   0x20000020   Data           4  main.o(.data)
    last_smooth_time_rear_safe               0x20000024   Data           4  main.o(.data)
    last_smooth_time_rear                    0x20000028   Data           4  main.o(.data)
    .data                                    0x2000002c   Section       12  stm32g0xx_hal.o(.data)
    .data                                    0x20000038   Section        4  system_stm32g0xx.o(.data)
    .data                                    0x2000003c   Section       16  motor.o(.data)
    .data                                    0x2000004c   Section       10  as5600_pwm.o(.data)
    .bss                                     0x20000058   Section      192  adc.o(.bss)
    .bss                                     0x20000118   Section      228  tim.o(.bss)
    .bss                                     0x200001fc   Section      240  usart.o(.bss)
    .bss                                     0x200002ec   Section      368  motor.o(.bss)
    .bss                                     0x2000045c   Section       96  elrs.o(.bss)
    STACK                                    0x200004c0   Section     1024  startup_stm32g031xx.o(STACK)

    Global Symbols

    Symbol Name                              Value     Ov Type        Size  Object(Section)

    BuildAttributes$$THM_ISAv3M$S$PE$A:L22$X:L11$S22$IEEE1$IW$USESV6$~STKCKD$USESV7$~SHL$OTIME$ROPI$EBA8$MICROLIB$REQ8$PRES8$EABIv2 0x00000000   Number         0  anon$$obj.o ABSOLUTE
    __ARM_use_no_argv                        0x00000000   Number         0  main.o ABSOLUTE
    __cpp_initialize__aeabi_                  - Undefined Weak Reference
    __cxa_finalize                            - Undefined Weak Reference
    __decompress                              - Undefined Weak Reference
    _clock_init                               - Undefined Weak Reference
    _microlib_exit                            - Undefined Weak Reference
    __Vectors_Size                           0x000000c0   Number         0  startup_stm32g031xx.o ABSOLUTE
    __Vectors                                0x08000000   Data           4  startup_stm32g031xx.o(RESET)
    __Vectors_End                            0x080000c0   Data           0  startup_stm32g031xx.o(RESET)
    __main                                   0x080000c1   Thumb Code     0  entry.o(.ARM.Collect$$$$00000000)
    _main_stk                                0x080000c1   Thumb Code     0  entry2.o(.ARM.Collect$$$$00000001)
    _main_scatterload                        0x080000c5   Thumb Code     0  entry5.o(.ARM.Collect$$$$00000004)
    __main_after_scatterload                 0x080000c9   Thumb Code     0  entry5.o(.ARM.Collect$$$$00000004)
    _main_clock                              0x080000c9   Thumb Code     0  entry7b.o(.ARM.Collect$$$$00000008)
    _main_cpp_init                           0x080000c9   Thumb Code     0  entry8b.o(.ARM.Collect$$$$0000000A)
    _main_init                               0x080000c9   Thumb Code     0  entry9a.o(.ARM.Collect$$$$0000000B)
    __rt_final_cpp                           0x080000d1   Thumb Code     0  entry10a.o(.ARM.Collect$$$$0000000D)
    __rt_final_exit                          0x080000d1   Thumb Code     0  entry11a.o(.ARM.Collect$$$$0000000F)
    Reset_Handler                            0x080000d5   Thumb Code     8  startup_stm32g031xx.o(.text)
    ADC1_IRQHandler                          0x080000e7   Thumb Code     0  startup_stm32g031xx.o(.text)
    DMA1_Ch4_5_DMAMUX1_OVR_IRQHandler        0x080000e7   Thumb Code     0  startup_stm32g031xx.o(.text)
    EXTI0_1_IRQHandler                       0x080000e7   Thumb Code     0  startup_stm32g031xx.o(.text)
    EXTI2_3_IRQHandler                       0x080000e7   Thumb Code     0  startup_stm32g031xx.o(.text)
    EXTI4_15_IRQHandler                      0x080000e7   Thumb Code     0  startup_stm32g031xx.o(.text)
    FLASH_IRQHandler                         0x080000e7   Thumb Code     0  startup_stm32g031xx.o(.text)
    I2C1_IRQHandler                          0x080000e7   Thumb Code     0  startup_stm32g031xx.o(.text)
    I2C2_IRQHandler                          0x080000e7   Thumb Code     0  startup_stm32g031xx.o(.text)
    LPTIM1_IRQHandler                        0x080000e7   Thumb Code     0  startup_stm32g031xx.o(.text)
    LPTIM2_IRQHandler                        0x080000e7   Thumb Code     0  startup_stm32g031xx.o(.text)
    LPUART1_IRQHandler                       0x080000e7   Thumb Code     0  startup_stm32g031xx.o(.text)
    PVD_IRQHandler                           0x080000e7   Thumb Code     0  startup_stm32g031xx.o(.text)
    RCC_IRQHandler                           0x080000e7   Thumb Code     0  startup_stm32g031xx.o(.text)
    RTC_TAMP_IRQHandler                      0x080000e7   Thumb Code     0  startup_stm32g031xx.o(.text)
    SPI1_IRQHandler                          0x080000e7   Thumb Code     0  startup_stm32g031xx.o(.text)
    SPI2_IRQHandler                          0x080000e7   Thumb Code     0  startup_stm32g031xx.o(.text)
    TIM14_IRQHandler                         0x080000e7   Thumb Code     0  startup_stm32g031xx.o(.text)
    TIM16_IRQHandler                         0x080000e7   Thumb Code     0  startup_stm32g031xx.o(.text)
    TIM17_IRQHandler                         0x080000e7   Thumb Code     0  startup_stm32g031xx.o(.text)
    TIM1_CC_IRQHandler                       0x080000e7   Thumb Code     0  startup_stm32g031xx.o(.text)
    TIM2_IRQHandler                          0x080000e7   Thumb Code     0  startup_stm32g031xx.o(.text)
    TIM3_IRQHandler                          0x080000e7   Thumb Code     0  startup_stm32g031xx.o(.text)
    USART2_IRQHandler                        0x080000e7   Thumb Code     0  startup_stm32g031xx.o(.text)
    WWDG_IRQHandler                          0x080000e7   Thumb Code     0  startup_stm32g031xx.o(.text)
    __aeabi_uidiv                            0x080000f1   Thumb Code     0  uidiv.o(.text)
    __aeabi_uidivmod                         0x080000f1   Thumb Code    44  uidiv.o(.text)
    __aeabi_idiv                             0x0800011d   Thumb Code     0  idiv.o(.text)
    __aeabi_idivmod                          0x0800011d   Thumb Code    40  idiv.o(.text)
    __aeabi_uldivmod                         0x08000145   Thumb Code    96  uldiv.o(.text)
    __aeabi_memset                           0x080001a5   Thumb Code    14  memseta.o(.text)
    __aeabi_memset4                          0x080001a5   Thumb Code     0  memseta.o(.text)
    __aeabi_memset8                          0x080001a5   Thumb Code     0  memseta.o(.text)
    __aeabi_memclr                           0x080001b3   Thumb Code     4  memseta.o(.text)
    __aeabi_memclr4                          0x080001b3   Thumb Code     0  memseta.o(.text)
    __aeabi_memclr8                          0x080001b3   Thumb Code     0  memseta.o(.text)
    _memset$wrapper                          0x080001b7   Thumb Code    18  memseta.o(.text)
    __aeabi_fadd                             0x080001c9   Thumb Code   162  fadd.o(.text)
    __aeabi_fsub                             0x0800026b   Thumb Code     8  fadd.o(.text)
    __aeabi_frsub                            0x08000273   Thumb Code     8  fadd.o(.text)
    __aeabi_fmul                             0x0800027b   Thumb Code   122  fmul.o(.text)
    __aeabi_fdiv                             0x080002f5   Thumb Code   124  fdiv.o(.text)
    __ARM_scalbnf                            0x08000371   Thumb Code    24  fscalb.o(.text)
    scalbnf                                  0x08000371   Thumb Code     0  fscalb.o(.text)
    __aeabi_i2f                              0x08000389   Thumb Code    22  fflti.o(.text)
    __aeabi_ui2f                             0x0800039f   Thumb Code    14  ffltui.o(.text)
    __aeabi_i2d                              0x080003ad   Thumb Code    34  dflti.o(.text)
    __aeabi_f2iz                             0x080003d5   Thumb Code    50  ffixi.o(.text)
    __aeabi_d2f                              0x08000407   Thumb Code    56  d2f.o(.text)
    __aeabi_cfrcmple                         0x08000441   Thumb Code    20  cfrcmple.o(.text)
    __aeabi_llsl                             0x08000455   Thumb Code    32  llshl.o(.text)
    _ll_shift_l                              0x08000455   Thumb Code     0  llshl.o(.text)
    __aeabi_llsr                             0x08000475   Thumb Code    34  llushr.o(.text)
    _ll_ushift_r                             0x08000475   Thumb Code     0  llushr.o(.text)
    __I$use$fp                               0x08000497   Thumb Code     0  iusefp.o(.text)
    _float_round                             0x08000497   Thumb Code    16  fepilogue.o(.text)
    _float_epilogue                          0x080004a7   Thumb Code   114  fepilogue.o(.text)
    _double_round                            0x08000519   Thumb Code    26  depilogue.o(.text)
    _double_epilogue                         0x08000533   Thumb Code   164  depilogue.o(.text)
    __scatterload                            0x080005d9   Thumb Code    28  init.o(.text)
    __scatterload_rt2                        0x080005d9   Thumb Code     0  init.o(.text)
    ADC_ConversionStop                       0x080005fd   Thumb Code    92  stm32g0xx_hal_adc.o(i.ADC_ConversionStop)
    ADC_Disable                              0x08000701   Thumb Code   110  stm32g0xx_hal_adc.o(i.ADC_Disable)
    ADC_Enable                               0x08000775   Thumb Code   162  stm32g0xx_hal_adc.o(i.ADC_Enable)
    Chassis_PID_Init                         0x08000829   Thumb Code    78  motor.o(i.Chassis_PID_Init)
    DMA1_Channel1_IRQHandler                 0x08000889   Thumb Code    10  stm32g0xx_it.o(i.DMA1_Channel1_IRQHandler)
    DMA1_Channel2_3_IRQHandler               0x08000899   Thumb Code    10  stm32g0xx_it.o(i.DMA1_Channel2_3_IRQHandler)
    ELRS_Init                                0x08000949   Thumb Code    26  elrs.o(i.ELRS_Init)
    ELRS_UARTE_RxCallback                    0x08000971   Thumb Code   388  elrs.o(i.ELRS_UARTE_RxCallback)
    Error_Handler                            0x08000b09   Thumb Code     4  main.o(i.Error_Handler)
    HAL_ADCEx_Calibration_Start              0x08000b0d   Thumb Code   336  stm32g0xx_hal_adc_ex.o(i.HAL_ADCEx_Calibration_Start)
    HAL_ADC_ConfigChannel                    0x08000c6d   Thumb Code   522  stm32g0xx_hal_adc.o(i.HAL_ADC_ConfigChannel)
    HAL_ADC_ConvCpltCallback                 0x08000e91   Thumb Code     2  stm32g0xx_hal_adc.o(i.HAL_ADC_ConvCpltCallback)
    HAL_ADC_ConvHalfCpltCallback             0x08000e93   Thumb Code     2  stm32g0xx_hal_adc.o(i.HAL_ADC_ConvHalfCpltCallback)
    HAL_ADC_ErrorCallback                    0x08000e95   Thumb Code     2  stm32g0xx_hal_adc.o(i.HAL_ADC_ErrorCallback)
    HAL_ADC_Init                             0x08000e99   Thumb Code   514  stm32g0xx_hal_adc.o(i.HAL_ADC_Init)
    HAL_ADC_MspInit                          0x080010b9   Thumb Code   132  adc.o(i.HAL_ADC_MspInit)
    HAL_ADC_Start_DMA                        0x0800114d   Thumb Code   158  stm32g0xx_hal_adc.o(i.HAL_ADC_Start_DMA)
    HAL_ADC_Stop_DMA                         0x08001201   Thumb Code   120  stm32g0xx_hal_adc.o(i.HAL_ADC_Stop_DMA)
    HAL_DMA_Abort                            0x08001279   Thumb Code   112  stm32g0xx_hal_dma.o(i.HAL_DMA_Abort)
    HAL_DMA_Abort_IT                         0x080012ed   Thumb Code   118  stm32g0xx_hal_dma.o(i.HAL_DMA_Abort_IT)
    HAL_DMA_IRQHandler                       0x08001369   Thumb Code   180  stm32g0xx_hal_dma.o(i.HAL_DMA_IRQHandler)
    HAL_DMA_Init                             0x08001421   Thumb Code   156  stm32g0xx_hal_dma.o(i.HAL_DMA_Init)
    HAL_DMA_Start_IT                         0x080014c5   Thumb Code   136  stm32g0xx_hal_dma.o(i.HAL_DMA_Start_IT)
    HAL_Delay                                0x08001551   Thumb Code    32  stm32g0xx_hal.o(i.HAL_Delay)
    HAL_GPIO_Init                            0x08001575   Thumb Code   330  stm32g0xx_hal_gpio.o(i.HAL_GPIO_Init)
    HAL_GetTick                              0x080016d1   Thumb Code     6  stm32g0xx_hal.o(i.HAL_GetTick)
    HAL_IncTick                              0x080016dd   Thumb Code    12  stm32g0xx_hal.o(i.HAL_IncTick)
    HAL_Init                                 0x080016ed   Thumb Code    36  stm32g0xx_hal.o(i.HAL_Init)
    HAL_InitTick                             0x08001715   Thumb Code    64  stm32g0xx_hal.o(i.HAL_InitTick)
    HAL_MspInit                              0x0800175d   Thumb Code    38  stm32g0xx_hal_msp.o(i.HAL_MspInit)
    HAL_NVIC_EnableIRQ                       0x08001789   Thumb Code    18  stm32g0xx_hal_cortex.o(i.HAL_NVIC_EnableIRQ)
    HAL_NVIC_SetPriority                     0x080017a1   Thumb Code     8  stm32g0xx_hal_cortex.o(i.HAL_NVIC_SetPriority)
    HAL_PWREx_ControlVoltageScaling          0x080017a9   Thumb Code    62  stm32g0xx_hal_pwr_ex.o(i.HAL_PWREx_ControlVoltageScaling)
    HAL_RCCEx_PeriphCLKConfig                0x080017f5   Thumb Code   420  stm32g0xx_hal_rcc_ex.o(i.HAL_RCCEx_PeriphCLKConfig)
    HAL_RCC_ClockConfig                      0x080019a5   Thumb Code   318  stm32g0xx_hal_rcc.o(i.HAL_RCC_ClockConfig)
    HAL_RCC_GetPCLK1Freq                     0x08001afd   Thumb Code    26  stm32g0xx_hal_rcc.o(i.HAL_RCC_GetPCLK1Freq)
    HAL_RCC_GetSysClockFreq                  0x08001b25   Thumb Code   130  stm32g0xx_hal_rcc.o(i.HAL_RCC_GetSysClockFreq)
    HAL_RCC_OscConfig                        0x08001bb1   Thumb Code   962  stm32g0xx_hal_rcc.o(i.HAL_RCC_OscConfig)
    HAL_SYSTICK_Config                       0x08001f99   Thumb Code    38  stm32g0xx_hal_cortex.o(i.HAL_SYSTICK_Config)
    HAL_TIMEx_Break2Callback                 0x08001fc9   Thumb Code     2  stm32g0xx_hal_tim_ex.o(i.HAL_TIMEx_Break2Callback)
    HAL_TIMEx_BreakCallback                  0x08001fcb   Thumb Code     2  stm32g0xx_hal_tim_ex.o(i.HAL_TIMEx_BreakCallback)
    HAL_TIMEx_CommutCallback                 0x08001fcd   Thumb Code     2  stm32g0xx_hal_tim_ex.o(i.HAL_TIMEx_CommutCallback)
    HAL_TIMEx_MasterConfigSynchronization    0x08001fd1   Thumb Code    98  stm32g0xx_hal_tim_ex.o(i.HAL_TIMEx_MasterConfigSynchronization)
    HAL_TIM_Base_Init                        0x0800203d   Thumb Code    76  stm32g0xx_hal_tim.o(i.HAL_TIM_Base_Init)
    HAL_TIM_Base_MspInit                     0x08002089   Thumb Code    82  tim.o(i.HAL_TIM_Base_MspInit)
    HAL_TIM_Base_Start                       0x080020e5   Thumb Code    66  stm32g0xx_hal_tim.o(i.HAL_TIM_Base_Start)
    HAL_TIM_ConfigClockSource                0x08002135   Thumb Code   220  stm32g0xx_hal_tim.o(i.HAL_TIM_ConfigClockSource)
    HAL_TIM_IC_CaptureCallback               0x08002215   Thumb Code     2  stm32g0xx_hal_tim.o(i.HAL_TIM_IC_CaptureCallback)
    HAL_TIM_IRQHandler                       0x08002219   Thumb Code   318  stm32g0xx_hal_tim.o(i.HAL_TIM_IRQHandler)
    HAL_TIM_MspPostInit                      0x08002361   Thumb Code   182  tim.o(i.HAL_TIM_MspPostInit)
    HAL_TIM_OC_DelayElapsedCallback          0x08002425   Thumb Code     2  stm32g0xx_hal_tim.o(i.HAL_TIM_OC_DelayElapsedCallback)
    HAL_TIM_PWM_ConfigChannel                0x08002427   Thumb Code   296  stm32g0xx_hal_tim.o(i.HAL_TIM_PWM_ConfigChannel)
    HAL_TIM_PWM_Init                         0x0800254f   Thumb Code    76  stm32g0xx_hal_tim.o(i.HAL_TIM_PWM_Init)
    HAL_TIM_PWM_MspInit                      0x0800259d   Thumb Code    50  tim.o(i.HAL_TIM_PWM_MspInit)
    HAL_TIM_PWM_PulseFinishedCallback        0x080025d9   Thumb Code     2  stm32g0xx_hal_tim.o(i.HAL_TIM_PWM_PulseFinishedCallback)
    HAL_TIM_PWM_Start                        0x080025dd   Thumb Code   178  stm32g0xx_hal_tim.o(i.HAL_TIM_PWM_Start)
    HAL_TIM_PeriodElapsedCallback            0x080026a5   Thumb Code     2  stm32g0xx_hal_tim.o(i.HAL_TIM_PeriodElapsedCallback)
    HAL_TIM_TriggerCallback                  0x080026a7   Thumb Code     2  stm32g0xx_hal_tim.o(i.HAL_TIM_TriggerCallback)
    HAL_UARTEx_DisableFifoMode               0x080026a9   Thumb Code    60  stm32g0xx_hal_uart_ex.o(i.HAL_UARTEx_DisableFifoMode)
    HAL_UARTEx_ReceiveToIdle_DMA             0x080026e5   Thumb Code   108  stm32g0xx_hal_uart_ex.o(i.HAL_UARTEx_ReceiveToIdle_DMA)
    HAL_UARTEx_RxEventCallback               0x08002751   Thumb Code    16  main.o(i.HAL_UARTEx_RxEventCallback)
    HAL_UARTEx_RxFifoFullCallback            0x08002765   Thumb Code     2  stm32g0xx_hal_uart_ex.o(i.HAL_UARTEx_RxFifoFullCallback)
    HAL_UARTEx_SetRxFifoThreshold            0x08002767   Thumb Code    72  stm32g0xx_hal_uart_ex.o(i.HAL_UARTEx_SetRxFifoThreshold)
    HAL_UARTEx_SetTxFifoThreshold            0x080027af   Thumb Code    70  stm32g0xx_hal_uart_ex.o(i.HAL_UARTEx_SetTxFifoThreshold)
    HAL_UARTEx_TxFifoEmptyCallback           0x080027f5   Thumb Code     2  stm32g0xx_hal_uart_ex.o(i.HAL_UARTEx_TxFifoEmptyCallback)
    HAL_UARTEx_WakeupCallback                0x080027f7   Thumb Code     2  stm32g0xx_hal_uart_ex.o(i.HAL_UARTEx_WakeupCallback)
    HAL_UART_ErrorCallback                   0x080027f9   Thumb Code     2  stm32g0xx_hal_uart.o(i.HAL_UART_ErrorCallback)
    HAL_UART_IRQHandler                      0x080027fd   Thumb Code   734  stm32g0xx_hal_uart.o(i.HAL_UART_IRQHandler)
    HAL_UART_Init                            0x08002aed   Thumb Code   108  stm32g0xx_hal_uart.o(i.HAL_UART_Init)
    HAL_UART_MspInit                         0x08002b59   Thumb Code   174  usart.o(i.HAL_UART_MspInit)
    HAL_UART_RxCpltCallback                  0x08002c1d   Thumb Code     2  stm32g0xx_hal_uart.o(i.HAL_UART_RxCpltCallback)
    HAL_UART_RxHalfCpltCallback              0x08002c1f   Thumb Code     2  stm32g0xx_hal_uart.o(i.HAL_UART_RxHalfCpltCallback)
    HAL_UART_TxCpltCallback                  0x08002c21   Thumb Code     2  stm32g0xx_hal_uart.o(i.HAL_UART_TxCpltCallback)
    HardFault_Handler                        0x08002c23   Thumb Code     2  stm32g0xx_it.o(i.HardFault_Handler)
    MX_ADC1_Init                             0x08002c71   Thumb Code   170  adc.o(i.MX_ADC1_Init)
    MX_DMA_Init                              0x08002d31   Thumb Code    52  dma.o(i.MX_DMA_Init)
    MX_GPIO_Init                             0x08002d69   Thumb Code    34  gpio.o(i.MX_GPIO_Init)
    MX_TIM1_Init                             0x08002d91   Thumb Code   102  tim.o(i.MX_TIM1_Init)
    MX_TIM2_Init                             0x08002e05   Thumb Code   166  tim.o(i.MX_TIM2_Init)
    MX_TIM3_Init                             0x08002eb5   Thumb Code   164  tim.o(i.MX_TIM3_Init)
    MX_USART1_UART_Init                      0x08002f65   Thumb Code    94  usart.o(i.MX_USART1_UART_Init)
    Motor_PID_Control                        0x08002fd1   Thumb Code   176  motor.o(i.Motor_PID_Control)
    NMI_Handler                              0x0800308d   Thumb Code     2  stm32g0xx_it.o(i.NMI_Handler)
    PID_calc                                 0x0800308f   Thumb Code   278  pid.o(i.PID_calc)
    PID_init                                 0x080031a5   Thumb Code    56  pid.o(i.PID_init)
    PendSV_Handler                           0x080031dd   Thumb Code     2  stm32g0xx_it.o(i.PendSV_Handler)
    SVC_Handler                              0x080031df   Thumb Code     2  stm32g0xx_it.o(i.SVC_Handler)
    Set_Pwm                                  0x080031e1   Thumb Code   142  motor.o(i.Set_Pwm)
    StarAndGetResult                         0x08003279   Thumb Code   104  as5600_pwm.o(i.StarAndGetResult)
    SysTick_Handler                          0x080032f9   Thumb Code     8  stm32g0xx_it.o(i.SysTick_Handler)
    SystemClock_Config                       0x08003301   Thumb Code   110  main.o(i.SystemClock_Config)
    SystemInit                               0x0800336f   Thumb Code     2  system_stm32g0xx.o(i.SystemInit)
    TIM1_BRK_UP_TRG_COM_IRQHandler           0x08003371   Thumb Code    10  stm32g0xx_it.o(i.TIM1_BRK_UP_TRG_COM_IRQHandler)
    TIM_Base_SetConfig                       0x08003381   Thumb Code   126  stm32g0xx_hal_tim.o(i.TIM_Base_SetConfig)
    TIM_CCxChannelCmd                        0x08003415   Thumb Code    26  stm32g0xx_hal_tim.o(i.TIM_CCxChannelCmd)
    TIM_ETR_SetConfig                        0x0800342f   Thumb Code    22  stm32g0xx_hal_tim.o(i.TIM_ETR_SetConfig)
    TIM_OC2_SetConfig                        0x080034d5   Thumb Code   106  stm32g0xx_hal_tim.o(i.TIM_OC2_SetConfig)
    UART_AdvFeatureConfig                    0x08003781   Thumb Code   202  stm32g0xx_hal_uart.o(i.UART_AdvFeatureConfig)
    UART_CheckIdleState                      0x0800384d   Thumb Code   180  stm32g0xx_hal_uart.o(i.UART_CheckIdleState)
    UART_SetConfig                           0x08003ac5   Thumb Code   482  stm32g0xx_hal_uart.o(i.UART_SetConfig)
    UART_Start_Receive_DMA                   0x08003cd1   Thumb Code   160  stm32g0xx_hal_uart.o(i.UART_Start_Receive_DMA)
    UART_WaitOnFlagUntilTimeout              0x08003d7d   Thumb Code   144  stm32g0xx_hal_uart.o(i.UART_WaitOnFlagUntilTimeout)
    USART1_IRQHandler                        0x08003e0d   Thumb Code    10  stm32g0xx_it.o(i.USART1_IRQHandler)
    __ARM_clz                                0x08003e1d   Thumb Code    46  depilogue.o(i.__ARM_clz)
    __scatterload_copy                       0x08003e91   Thumb Code    14  handlers.o(i.__scatterload_copy)
    __scatterload_null                       0x08003e9f   Thumb Code     2  handlers.o(i.__scatterload_null)
    __scatterload_zeroinit                   0x08003ea1   Thumb Code    14  handlers.o(i.__scatterload_zeroinit)
    main                                     0x08003f21   Thumb Code  2104  main.o(i.main)
    motor_disable                            0x0800477d   Thumb Code    32  main.o(i.motor_disable)
    UARTPrescTable                           0x080047be   Data          24  stm32g0xx_hal_uart.o(.constdata)
    AHBPrescTable                            0x080047e8   Data          64  system_stm32g0xx.o(.constdata)
    APBPrescTable                            0x08004828   Data          32  system_stm32g0xx.o(.constdata)
    Region$$Table$$Base                      0x08004854   Number         0  anon$$obj.o(Region$$Table)
    Region$$Table$$Limit                     0x08004874   Number         0  anon$$obj.o(Region$$Table)
    motor_L_midpoint                         0x20000004   Data           2  main.o(.data)
    motor_R_midpoint                         0x20000006   Data           2  main.o(.data)
    motor_LB_midpoint                        0x20000008   Data           2  main.o(.data)
    motor_RB_midpoint                        0x2000000a   Data           2  main.o(.data)
    uwTickFreq                               0x2000002c   Data           1  stm32g0xx_hal.o(.data)
    uwTickPrio                               0x20000030   Data           4  stm32g0xx_hal.o(.data)
    uwTick                                   0x20000034   Data           4  stm32g0xx_hal.o(.data)
    SystemCoreClock                          0x20000038   Data           4  system_stm32g0xx.o(.data)
    motor_1_set_pwm                          0x2000003c   Data           4  motor.o(.data)
    motor_3_set_pwm                          0x20000040   Data           4  motor.o(.data)
    motor_2_set_pwm                          0x20000044   Data           4  motor.o(.data)
    motor_4_set_pwm                          0x20000048   Data           4  motor.o(.data)
    hhStatue                                 0x2000004c   Data           1  as5600_pwm.o(.data)
    AD_Value                                 0x2000004e   Data           8  as5600_pwm.o(.data)
    hadc1                                    0x20000058   Data         100  adc.o(.bss)
    hdma_adc1                                0x200000bc   Data          92  adc.o(.bss)
    htim1                                    0x20000118   Data          76  tim.o(.bss)
    htim2                                    0x20000164   Data          76  tim.o(.bss)
    htim3                                    0x200001b0   Data          76  tim.o(.bss)
    huart1                                   0x200001fc   Data         148  usart.o(.bss)
    hdma_usart1_rx                           0x20000290   Data          92  usart.o(.bss)
    Wings_Data                               0x200002ec   Data          80  motor.o(.bss)
    motor_1_pid                              0x2000033c   Data          72  motor.o(.bss)
    motor_3_pid                              0x20000384   Data          72  motor.o(.bss)
    motor_2_pid                              0x200003cc   Data          72  motor.o(.bss)
    motor_4_pid                              0x20000414   Data          72  motor.o(.bss)
    elrs_data_temp                           0x2000045c   Data          36  elrs.o(.bss)
    elrs_data                                0x20000480   Data          60  elrs.o(.bss)
    __initial_sp                             0x200008c0   Data           0  startup_stm32g031xx.o(STACK)



==============================================================================

Memory Map of the image

  Image Entry point : 0x080000c1

  Load Region LR_IROM1 (Base: 0x08000000, Size: 0x000048cc, Max: 0x00010000, ABSOLUTE)

    Execution Region ER_IROM1 (Exec base: 0x08000000, Load base: 0x08000000, Size: 0x00004874, Max: 0x00010000, ABSOLUTE)

    Exec Addr    Load Addr    Size         Type   Attr      Idx    E Section Name        Object

    0x08000000   0x08000000   0x000000c0   Data   RO            3    RESET               startup_stm32g031xx.o
    0x080000c0   0x080000c0   0x00000000   Code   RO         3941  * .ARM.Collect$$$$00000000  mc_p.l(entry.o)
    0x080000c0   0x080000c0   0x00000004   Code   RO         3974    .ARM.Collect$$$$00000001  mc_p.l(entry2.o)
    0x080000c4   0x080000c4   0x00000004   Code   RO         3977    .ARM.Collect$$$$00000004  mc_p.l(entry5.o)
    0x080000c8   0x080000c8   0x00000000   Code   RO         3979    .ARM.Collect$$$$00000008  mc_p.l(entry7b.o)
    0x080000c8   0x080000c8   0x00000000   Code   RO         3981    .ARM.Collect$$$$0000000A  mc_p.l(entry8b.o)
    0x080000c8   0x080000c8   0x00000008   Code   RO         3982    .ARM.Collect$$$$0000000B  mc_p.l(entry9a.o)
    0x080000d0   0x080000d0   0x00000000   Code   RO         3984    .ARM.Collect$$$$0000000D  mc_p.l(entry10a.o)
    0x080000d0   0x080000d0   0x00000000   Code   RO         3986    .ARM.Collect$$$$0000000F  mc_p.l(entry11a.o)
    0x080000d0   0x080000d0   0x00000004   Code   RO         3975    .ARM.Collect$$$$00002712  mc_p.l(entry2.o)
    0x080000d4   0x080000d4   0x0000001c   Code   RO            4    .text               startup_stm32g031xx.o
    0x080000f0   0x080000f0   0x0000002c   Code   RO         3944    .text               mc_p.l(uidiv.o)
    0x0800011c   0x0800011c   0x00000028   Code   RO         3946    .text               mc_p.l(idiv.o)
    0x08000144   0x08000144   0x00000060   Code   RO         3948    .text               mc_p.l(uldiv.o)
    0x080001a4   0x080001a4   0x00000024   Code   RO         3950    .text               mc_p.l(memseta.o)
    0x080001c8   0x080001c8   0x000000b2   Code   RO         3952    .text               mf_p.l(fadd.o)
    0x0800027a   0x0800027a   0x0000007a   Code   RO         3954    .text               mf_p.l(fmul.o)
    0x080002f4   0x080002f4   0x0000007c   Code   RO         3956    .text               mf_p.l(fdiv.o)
    0x08000370   0x08000370   0x00000018   Code   RO         3958    .text               mf_p.l(fscalb.o)
    0x08000388   0x08000388   0x00000016   Code   RO         3960    .text               mf_p.l(fflti.o)
    0x0800039e   0x0800039e   0x0000000e   Code   RO         3962    .text               mf_p.l(ffltui.o)
    0x080003ac   0x080003ac   0x00000028   Code   RO         3964    .text               mf_p.l(dflti.o)
    0x080003d4   0x080003d4   0x00000032   Code   RO         3966    .text               mf_p.l(ffixi.o)
    0x08000406   0x08000406   0x00000038   Code   RO         3968    .text               mf_p.l(d2f.o)
    0x0800043e   0x0800043e   0x00000002   PAD
    0x08000440   0x08000440   0x00000014   Code   RO         3972    .text               mf_p.l(cfrcmple.o)
    0x08000454   0x08000454   0x00000020   Code   RO         3988    .text               mc_p.l(llshl.o)
    0x08000474   0x08000474   0x00000022   Code   RO         3990    .text               mc_p.l(llushr.o)
    0x08000496   0x08000496   0x00000000   Code   RO         3992    .text               mc_p.l(iusefp.o)
    0x08000496   0x08000496   0x00000082   Code   RO         3993    .text               mf_p.l(fepilogue.o)
    0x08000518   0x08000518   0x000000be   Code   RO         3995    .text               mf_p.l(depilogue.o)
    0x080005d6   0x080005d6   0x00000002   PAD
    0x080005d8   0x080005d8   0x00000024   Code   RO         3999    .text               mc_p.l(init.o)
    0x080005fc   0x080005fc   0x00000060   Code   RO          543    i.ADC_ConversionStop  stm32g0xx_hal_adc.o
    0x0800065c   0x0800065c   0x00000080   Code   RO          544    i.ADC_DMAConvCplt   stm32g0xx_hal_adc.o
    0x080006dc   0x080006dc   0x0000001a   Code   RO          545    i.ADC_DMAError      stm32g0xx_hal_adc.o
    0x080006f6   0x080006f6   0x0000000a   Code   RO          546    i.ADC_DMAHalfConvCplt  stm32g0xx_hal_adc.o
    0x08000700   0x08000700   0x00000074   Code   RO          547    i.ADC_Disable       stm32g0xx_hal_adc.o
    0x08000774   0x08000774   0x000000b4   Code   RO          548    i.ADC_Enable        stm32g0xx_hal_adc.o
    0x08000828   0x08000828   0x00000060   Code   RO         3661    i.Chassis_PID_Init  motor.o
    0x08000888   0x08000888   0x00000010   Code   RO          451    i.DMA1_Channel1_IRQHandler  stm32g0xx_it.o
    0x08000898   0x08000898   0x00000010   Code   RO          452    i.DMA1_Channel2_3_IRQHandler  stm32g0xx_it.o
    0x080008a8   0x080008a8   0x00000030   Code   RO         1261    i.DMA_CalcDMAMUXChannelBaseAndMask  stm32g0xx_hal_dma.o
    0x080008d8   0x080008d8   0x00000028   Code   RO         1262    i.DMA_CalcDMAMUXRequestGenBaseAndMask  stm32g0xx_hal_dma.o
    0x08000900   0x08000900   0x00000048   Code   RO         1263    i.DMA_SetConfig     stm32g0xx_hal_dma.o
    0x08000948   0x08000948   0x00000028   Code   RO         3886    i.ELRS_Init         elrs.o
    0x08000970   0x08000970   0x00000198   Code   RO         3887    i.ELRS_UARTE_RxCallback  elrs.o
    0x08000b08   0x08000b08   0x00000004   Code   RO           12    i.Error_Handler     main.o
    0x08000b0c   0x08000b0c   0x00000160   Code   RO          757    i.HAL_ADCEx_Calibration_Start  stm32g0xx_hal_adc_ex.o
    0x08000c6c   0x08000c6c   0x00000224   Code   RO          550    i.HAL_ADC_ConfigChannel  stm32g0xx_hal_adc.o
    0x08000e90   0x08000e90   0x00000002   Code   RO          551    i.HAL_ADC_ConvCpltCallback  stm32g0xx_hal_adc.o
    0x08000e92   0x08000e92   0x00000002   Code   RO          552    i.HAL_ADC_ConvHalfCpltCallback  stm32g0xx_hal_adc.o
    0x08000e94   0x08000e94   0x00000002   Code   RO          554    i.HAL_ADC_ErrorCallback  stm32g0xx_hal_adc.o
    0x08000e96   0x08000e96   0x00000002   PAD
    0x08000e98   0x08000e98   0x00000220   Code   RO          559    i.HAL_ADC_Init      stm32g0xx_hal_adc.o
    0x080010b8   0x080010b8   0x00000094   Code   RO          288    i.HAL_ADC_MspInit   adc.o
    0x0800114c   0x0800114c   0x000000b4   Code   RO          566    i.HAL_ADC_Start_DMA  stm32g0xx_hal_adc.o
    0x08001200   0x08001200   0x00000078   Code   RO          569    i.HAL_ADC_Stop_DMA  stm32g0xx_hal_adc.o
    0x08001278   0x08001278   0x00000074   Code   RO         1264    i.HAL_DMA_Abort     stm32g0xx_hal_dma.o
    0x080012ec   0x080012ec   0x0000007c   Code   RO         1265    i.HAL_DMA_Abort_IT  stm32g0xx_hal_dma.o
    0x08001368   0x08001368   0x000000b8   Code   RO         1269    i.HAL_DMA_IRQHandler  stm32g0xx_hal_dma.o
    0x08001420   0x08001420   0x000000a4   Code   RO         1270    i.HAL_DMA_Init      stm32g0xx_hal_dma.o
    0x080014c4   0x080014c4   0x0000008c   Code   RO         1274    i.HAL_DMA_Start_IT  stm32g0xx_hal_dma.o
    0x08001550   0x08001550   0x00000024   Code   RO         1799    i.HAL_Delay         stm32g0xx_hal.o
    0x08001574   0x08001574   0x0000015c   Code   RO         1197    i.HAL_GPIO_Init     stm32g0xx_hal_gpio.o
    0x080016d0   0x080016d0   0x0000000c   Code   RO         1803    i.HAL_GetTick       stm32g0xx_hal.o
    0x080016dc   0x080016dc   0x00000010   Code   RO         1809    i.HAL_IncTick       stm32g0xx_hal.o
    0x080016ec   0x080016ec   0x00000028   Code   RO         1810    i.HAL_Init          stm32g0xx_hal.o
    0x08001714   0x08001714   0x00000048   Code   RO         1811    i.HAL_InitTick      stm32g0xx_hal.o
    0x0800175c   0x0800175c   0x0000002c   Code   RO          523    i.HAL_MspInit       stm32g0xx_hal_msp.o
    0x08001788   0x08001788   0x00000018   Code   RO         1677    i.HAL_NVIC_EnableIRQ  stm32g0xx_hal_cortex.o
    0x080017a0   0x080017a0   0x00000008   Code   RO         1681    i.HAL_NVIC_SetPriority  stm32g0xx_hal_cortex.o
    0x080017a8   0x080017a8   0x0000004c   Code   RO         1495    i.HAL_PWREx_ControlVoltageScaling  stm32g0xx_hal_pwr_ex.o
    0x080017f4   0x080017f4   0x000001b0   Code   RO          945    i.HAL_RCCEx_PeriphCLKConfig  stm32g0xx_hal_rcc_ex.o
    0x080019a4   0x080019a4   0x00000158   Code   RO          829    i.HAL_RCC_ClockConfig  stm32g0xx_hal_rcc.o
    0x08001afc   0x08001afc   0x00000028   Code   RO          837    i.HAL_RCC_GetPCLK1Freq  stm32g0xx_hal_rcc.o
    0x08001b24   0x08001b24   0x0000008c   Code   RO          839    i.HAL_RCC_GetSysClockFreq  stm32g0xx_hal_rcc.o
    0x08001bb0   0x08001bb0   0x000003e8   Code   RO          843    i.HAL_RCC_OscConfig  stm32g0xx_hal_rcc.o
    0x08001f98   0x08001f98   0x00000030   Code   RO         1685    i.HAL_SYSTICK_Config  stm32g0xx_hal_cortex.o
    0x08001fc8   0x08001fc8   0x00000002   Code   RO         2798    i.HAL_TIMEx_Break2Callback  stm32g0xx_hal_tim_ex.o
    0x08001fca   0x08001fca   0x00000002   Code   RO         2799    i.HAL_TIMEx_BreakCallback  stm32g0xx_hal_tim_ex.o
    0x08001fcc   0x08001fcc   0x00000002   Code   RO         2800    i.HAL_TIMEx_CommutCallback  stm32g0xx_hal_tim_ex.o
    0x08001fce   0x08001fce   0x00000002   PAD
    0x08001fd0   0x08001fd0   0x0000006c   Code   RO         2821    i.HAL_TIMEx_MasterConfigSynchronization  stm32g0xx_hal_tim_ex.o
    0x0800203c   0x0800203c   0x0000004c   Code   RO         2088    i.HAL_TIM_Base_Init  stm32g0xx_hal_tim.o
    0x08002088   0x08002088   0x0000005c   Code   RO          346    i.HAL_TIM_Base_MspInit  tim.o
    0x080020e4   0x080020e4   0x00000050   Code   RO         2091    i.HAL_TIM_Base_Start  stm32g0xx_hal_tim.o
    0x08002134   0x08002134   0x000000e0   Code   RO         2097    i.HAL_TIM_ConfigClockSource  stm32g0xx_hal_tim.o
    0x08002214   0x08002214   0x00000002   Code   RO         2122    i.HAL_TIM_IC_CaptureCallback  stm32g0xx_hal_tim.o
    0x08002216   0x08002216   0x00000002   PAD
    0x08002218   0x08002218   0x00000148   Code   RO         2136    i.HAL_TIM_IRQHandler  stm32g0xx_hal_tim.o
    0x08002360   0x08002360   0x000000c4   Code   RO          347    i.HAL_TIM_MspPostInit  tim.o
    0x08002424   0x08002424   0x00000002   Code   RO         2139    i.HAL_TIM_OC_DelayElapsedCallback  stm32g0xx_hal_tim.o
    0x08002426   0x08002426   0x00000128   Code   RO         2160    i.HAL_TIM_PWM_ConfigChannel  stm32g0xx_hal_tim.o
    0x0800254e   0x0800254e   0x0000004c   Code   RO         2163    i.HAL_TIM_PWM_Init  stm32g0xx_hal_tim.o
    0x0800259a   0x0800259a   0x00000002   PAD
    0x0800259c   0x0800259c   0x0000003c   Code   RO          349    i.HAL_TIM_PWM_MspInit  tim.o
    0x080025d8   0x080025d8   0x00000002   Code   RO         2166    i.HAL_TIM_PWM_PulseFinishedCallback  stm32g0xx_hal_tim.o
    0x080025da   0x080025da   0x00000002   PAD
    0x080025dc   0x080025dc   0x000000c8   Code   RO         2168    i.HAL_TIM_PWM_Start  stm32g0xx_hal_tim.o
    0x080026a4   0x080026a4   0x00000002   Code   RO         2174    i.HAL_TIM_PeriodElapsedCallback  stm32g0xx_hal_tim.o
    0x080026a6   0x080026a6   0x00000002   Code   RO         2179    i.HAL_TIM_TriggerCallback  stm32g0xx_hal_tim.o
    0x080026a8   0x080026a8   0x0000003c   Code   RO         3513    i.HAL_UARTEx_DisableFifoMode  stm32g0xx_hal_uart_ex.o
    0x080026e4   0x080026e4   0x0000006c   Code   RO         3519    i.HAL_UARTEx_ReceiveToIdle_DMA  stm32g0xx_hal_uart_ex.o
    0x08002750   0x08002750   0x00000014   Code   RO           13    i.HAL_UARTEx_RxEventCallback  main.o
    0x08002764   0x08002764   0x00000002   Code   RO         3521    i.HAL_UARTEx_RxFifoFullCallback  stm32g0xx_hal_uart_ex.o
    0x08002766   0x08002766   0x00000048   Code   RO         3522    i.HAL_UARTEx_SetRxFifoThreshold  stm32g0xx_hal_uart_ex.o
    0x080027ae   0x080027ae   0x00000046   Code   RO         3523    i.HAL_UARTEx_SetTxFifoThreshold  stm32g0xx_hal_uart_ex.o
    0x080027f4   0x080027f4   0x00000002   Code   RO         3525    i.HAL_UARTEx_TxFifoEmptyCallback  stm32g0xx_hal_uart_ex.o
    0x080027f6   0x080027f6   0x00000002   Code   RO         3526    i.HAL_UARTEx_WakeupCallback  stm32g0xx_hal_uart_ex.o
    0x080027f8   0x080027f8   0x00000002   Code   RO         3122    i.HAL_UART_ErrorCallback  stm32g0xx_hal_uart.o
    0x080027fa   0x080027fa   0x00000002   PAD
    0x080027fc   0x080027fc   0x000002f0   Code   RO         3125    i.HAL_UART_IRQHandler  stm32g0xx_hal_uart.o
    0x08002aec   0x08002aec   0x0000006c   Code   RO         3126    i.HAL_UART_Init     stm32g0xx_hal_uart.o
    0x08002b58   0x08002b58   0x000000c4   Code   RO          414    i.HAL_UART_MspInit  usart.o
    0x08002c1c   0x08002c1c   0x00000002   Code   RO         3133    i.HAL_UART_RxCpltCallback  stm32g0xx_hal_uart.o
    0x08002c1e   0x08002c1e   0x00000002   Code   RO         3134    i.HAL_UART_RxHalfCpltCallback  stm32g0xx_hal_uart.o
    0x08002c20   0x08002c20   0x00000002   Code   RO         3138    i.HAL_UART_TxCpltCallback  stm32g0xx_hal_uart.o
    0x08002c22   0x08002c22   0x00000002   Code   RO          453    i.HardFault_Handler  stm32g0xx_it.o
    0x08002c24   0x08002c24   0x00000008   Code   RO          571    i.LL_ADC_IsEnabled  stm32g0xx_hal_adc.o
    0x08002c2c   0x08002c2c   0x00000008   Code   RO          763    i.LL_ADC_IsEnabled  stm32g0xx_hal_adc_ex.o
    0x08002c34   0x08002c34   0x00000008   Code   RO          572    i.LL_ADC_REG_IsConversionOngoing  stm32g0xx_hal_adc.o
    0x08002c3c   0x08002c3c   0x00000010   Code   RO          573    i.LL_ADC_REG_IsTriggerSourceSWStart  stm32g0xx_hal_adc.o
    0x08002c4c   0x08002c4c   0x0000000e   Code   RO          575    i.LL_ADC_SetCommonPathInternalCh  stm32g0xx_hal_adc.o
    0x08002c5a   0x08002c5a   0x00000016   Code   RO          576    i.LL_ADC_SetSamplingTimeCommonChannels  stm32g0xx_hal_adc.o
    0x08002c70   0x08002c70   0x000000c0   Code   RO          289    i.MX_ADC1_Init      adc.o
    0x08002d30   0x08002d30   0x00000038   Code   RO          325    i.MX_DMA_Init       dma.o
    0x08002d68   0x08002d68   0x00000028   Code   RO          263    i.MX_GPIO_Init      gpio.o
    0x08002d90   0x08002d90   0x00000074   Code   RO          350    i.MX_TIM1_Init      tim.o
    0x08002e04   0x08002e04   0x000000b0   Code   RO          351    i.MX_TIM2_Init      tim.o
    0x08002eb4   0x08002eb4   0x000000b0   Code   RO          352    i.MX_TIM3_Init      tim.o
    0x08002f64   0x08002f64   0x0000006c   Code   RO          415    i.MX_USART1_UART_Init  usart.o
    0x08002fd0   0x08002fd0   0x000000bc   Code   RO         3663    i.Motor_PID_Control  motor.o
    0x0800308c   0x0800308c   0x00000002   Code   RO          454    i.NMI_Handler       stm32g0xx_it.o
    0x0800308e   0x0800308e   0x00000116   Code   RO         3815    i.PID_calc          pid.o
    0x080031a4   0x080031a4   0x00000038   Code   RO         3817    i.PID_init          pid.o
    0x080031dc   0x080031dc   0x00000002   Code   RO          455    i.PendSV_Handler    stm32g0xx_it.o
    0x080031de   0x080031de   0x00000002   Code   RO          456    i.SVC_Handler       stm32g0xx_it.o
    0x080031e0   0x080031e0   0x00000098   Code   RO         3664    i.Set_Pwm           motor.o
    0x08003278   0x08003278   0x00000080   Code   RO         3855    i.StarAndGetResult  as5600_pwm.o
    0x080032f8   0x080032f8   0x00000008   Code   RO          457    i.SysTick_Handler   stm32g0xx_it.o
    0x08003300   0x08003300   0x0000006e   Code   RO           14    i.SystemClock_Config  main.o
    0x0800336e   0x0800336e   0x00000002   Code   RO         3628    i.SystemInit        system_stm32g0xx.o
    0x08003370   0x08003370   0x00000010   Code   RO          458    i.TIM1_BRK_UP_TRG_COM_IRQHandler  stm32g0xx_it.o
    0x08003380   0x08003380   0x00000094   Code   RO         2181    i.TIM_Base_SetConfig  stm32g0xx_hal_tim.o
    0x08003414   0x08003414   0x0000001a   Code   RO         2182    i.TIM_CCxChannelCmd  stm32g0xx_hal_tim.o
    0x0800342e   0x0800342e   0x00000016   Code   RO         2192    i.TIM_ETR_SetConfig  stm32g0xx_hal_tim.o
    0x08003444   0x08003444   0x00000014   Code   RO         2193    i.TIM_ITRx_SetConfig  stm32g0xx_hal_tim.o
    0x08003458   0x08003458   0x0000007c   Code   RO         2194    i.TIM_OC1_SetConfig  stm32g0xx_hal_tim.o
    0x080034d4   0x080034d4   0x0000007c   Code   RO         2195    i.TIM_OC2_SetConfig  stm32g0xx_hal_tim.o
    0x08003550   0x08003550   0x0000007c   Code   RO         2196    i.TIM_OC3_SetConfig  stm32g0xx_hal_tim.o
    0x080035cc   0x080035cc   0x00000068   Code   RO         2197    i.TIM_OC4_SetConfig  stm32g0xx_hal_tim.o
    0x08003634   0x08003634   0x0000005c   Code   RO         2198    i.TIM_OC5_SetConfig  stm32g0xx_hal_tim.o
    0x08003690   0x08003690   0x00000064   Code   RO         2199    i.TIM_OC6_SetConfig  stm32g0xx_hal_tim.o
    0x080036f4   0x080036f4   0x00000022   Code   RO         2201    i.TIM_TI1_ConfigInputStage  stm32g0xx_hal_tim.o
    0x08003716   0x08003716   0x00000026   Code   RO         2203    i.TIM_TI2_ConfigInputStage  stm32g0xx_hal_tim.o
    0x0800373c   0x0800373c   0x00000044   Code   RO         3527    i.UARTEx_SetNbDataToProcess  stm32g0xx_hal_uart_ex.o
    0x08003780   0x08003780   0x000000ca   Code   RO         3140    i.UART_AdvFeatureConfig  stm32g0xx_hal_uart.o
    0x0800384a   0x0800384a   0x00000002   PAD
    0x0800384c   0x0800384c   0x000000b8   Code   RO         3141    i.UART_CheckIdleState  stm32g0xx_hal_uart.o
    0x08003904   0x08003904   0x00000014   Code   RO         3142    i.UART_DMAAbortOnError  stm32g0xx_hal_uart.o
    0x08003918   0x08003918   0x0000004e   Code   RO         3143    i.UART_DMAError     stm32g0xx_hal_uart.o
    0x08003966   0x08003966   0x0000009c   Code   RO         3144    i.UART_DMAReceiveCplt  stm32g0xx_hal_uart.o
    0x08003a02   0x08003a02   0x00000020   Code   RO         3146    i.UART_DMARxHalfCplt  stm32g0xx_hal_uart.o
    0x08003a22   0x08003a22   0x00000002   PAD
    0x08003a24   0x08003a24   0x00000064   Code   RO         3152    i.UART_EndRxTransfer  stm32g0xx_hal_uart.o
    0x08003a88   0x08003a88   0x0000003c   Code   RO         3153    i.UART_EndTxTransfer  stm32g0xx_hal_uart.o
    0x08003ac4   0x08003ac4   0x0000020c   Code   RO         3158    i.UART_SetConfig    stm32g0xx_hal_uart.o
    0x08003cd0   0x08003cd0   0x000000ac   Code   RO         3159    i.UART_Start_Receive_DMA  stm32g0xx_hal_uart.o
    0x08003d7c   0x08003d7c   0x00000090   Code   RO         3165    i.UART_WaitOnFlagUntilTimeout  stm32g0xx_hal_uart.o
    0x08003e0c   0x08003e0c   0x00000010   Code   RO          459    i.USART1_IRQHandler  stm32g0xx_it.o
    0x08003e1c   0x08003e1c   0x0000002e   Code   RO         3997    i.__ARM_clz         mf_p.l(depilogue.o)
    0x08003e4a   0x08003e4a   0x00000002   PAD
    0x08003e4c   0x08003e4c   0x00000044   Code   RO         1687    i.__NVIC_SetPriority  stm32g0xx_hal_cortex.o
    0x08003e90   0x08003e90   0x0000000e   Code   RO         4003    i.__scatterload_copy  mc_p.l(handlers.o)
    0x08003e9e   0x08003e9e   0x00000002   Code   RO         4004    i.__scatterload_null  mc_p.l(handlers.o)
    0x08003ea0   0x08003ea0   0x0000000e   Code   RO         4005    i.__scatterload_zeroinit  mc_p.l(handlers.o)
    0x08003eae   0x08003eae   0x0000000a   Code   RO         3665    i.abs16_fast        motor.o
    0x08003eb8   0x08003eb8   0x0000002e   Code   RO         3890    i.int16_Map         elrs.o
    0x08003ee6   0x08003ee6   0x00000038   Code   RO         3891    i.int16_Map_with_median  elrs.o
    0x08003f1e   0x08003f1e   0x00000002   PAD
    0x08003f20   0x08003f20   0x0000085c   Code   RO           16    i.main              main.o
    0x0800477c   0x0800477c   0x00000028   Code   RO           18    i.motor_disable     main.o
    0x080047a4   0x080047a4   0x00000008   Code   RO           21    i.q15_mul           main.o
    0x080047ac   0x080047ac   0x00000012   Data   RO           22    .constdata          main.o
    0x080047be   0x080047be   0x00000018   Data   RO         3166    .constdata          stm32g0xx_hal_uart.o
    0x080047d6   0x080047d6   0x00000010   Data   RO         3528    .constdata          stm32g0xx_hal_uart_ex.o
    0x080047e6   0x080047e6   0x00000002   PAD
    0x080047e8   0x080047e8   0x00000040   Data   RO         3629    .constdata          system_stm32g0xx.o
    0x08004828   0x08004828   0x00000020   Data   RO         3630    .constdata          system_stm32g0xx.o
    0x08004848   0x08004848   0x0000000c   Data   RO         3670    .constdata          motor.o
    0x08004854   0x08004854   0x00000020   Data   RO         4001    Region$$Table       anon$$obj.o


    Execution Region RW_IRAM1 (Exec base: 0x20000000, Load base: 0x08004874, Size: 0x000008c0, Max: 0x00002000, ABSOLUTE)

    Exec Addr    Load Addr    Size         Type   Attr      Idx    E Section Name        Object

    0x20000000   0x08004874   0x0000002c   Data   RW           23    .data               main.o
    0x2000002c   0x080048a0   0x0000000c   Data   RW         1828    .data               stm32g0xx_hal.o
    0x20000038   0x080048ac   0x00000004   Data   RW         3631    .data               system_stm32g0xx.o
    0x2000003c   0x080048b0   0x00000010   Data   RW         3671    .data               motor.o
    0x2000004c   0x080048c0   0x0000000a   Data   RW         3856    .data               as5600_pwm.o
    0x20000056   0x080048ca   0x00000002   PAD
    0x20000058        -       0x000000c0   Zero   RW          290    .bss                adc.o
    0x20000118        -       0x000000e4   Zero   RW          353    .bss                tim.o
    0x200001fc        -       0x000000f0   Zero   RW          416    .bss                usart.o
    0x200002ec        -       0x00000170   Zero   RW         3667    .bss                motor.o
    0x2000045c        -       0x00000060   Zero   RW         3892    .bss                elrs.o
    0x200004bc   0x080048ca   0x00000004   PAD
    0x200004c0        -       0x00000400   Zero   RW            1    STACK               startup_stm32g031xx.o


==============================================================================

Image component sizes


      Code (inc. data)   RO Data    RW Data    ZI Data      Debug   Object Name

       340         38          0          0        192       2163   adc.o
       128         24          0         10          0       1375   as5600_pwm.o
        56          4          0          0          0        918   dma.o
       550         34          0          0         96       6247   elrs.o
        40          6          0          0          0        947   gpio.o
      2322        116         18         44          0     450766   main.o
       446         40         12         16        368       6644   motor.o
       334          0          0          0          0       2826   pid.o
        28          8        192          0       1024        684   startup_stm32g031xx.o
       176         26          0         12          0      18441   stm32g0xx_hal.o
      2022        106          0          0          0      47848   stm32g0xx_hal_adc.o
       360         16          0          0          0      34974   stm32g0xx_hal_adc_ex.o
       148         24          0          0          0      12529   stm32g0xx_hal_cortex.o
       888         42          0          0          0       7026   stm32g0xx_hal_dma.o
         0          0          0          0          0       2804   stm32g0xx_hal_flash.o
       348         18          0          0          0       1496   stm32g0xx_hal_gpio.o
        44          6          0          0          0       1002   stm32g0xx_hal_msp.o
        76         14          0          0          0        826   stm32g0xx_hal_pwr_ex.o
      1524         88          0          0          0      23369   stm32g0xx_hal_rcc.o
       432         12          0          0          0       1868   stm32g0xx_hal_rcc_ex.o
      2246        176          0          0          0      19633   stm32g0xx_hal_tim.o
       114         10          0          0          0       3412   stm32g0xx_hal_tim_ex.o
      2540         80         24          0          0      38340   stm32g0xx_hal_uart.o
       384          6         16          0          0       7041   stm32g0xx_hal_uart_ex.o
        80         24          0          0          0       4800   stm32g0xx_it.o
         2          0         96          4          0       1375   system_stm32g0xx.o
       816         70          0          0        228       5108   tim.o
       304         36          0          0        240       2169   usart.o

    ----------------------------------------------------------------------
     16766       1024        392         88       2152     706631   Object Totals
         0          0         32          0          0          0   (incl. Generated)
        18          0          2          2          4          0   (incl. Padding)

    ----------------------------------------------------------------------

      Code (inc. data)   RO Data    RW Data    ZI Data      Debug   Library Member Name

         0          0          0          0          0          0   entry.o
         0          0          0          0          0          0   entry10a.o
         0          0          0          0          0          0   entry11a.o
         8          4          0          0          0          0   entry2.o
         4          0          0          0          0          0   entry5.o
         0          0          0          0          0          0   entry7b.o
         0          0          0          0          0          0   entry8b.o
         8          4          0          0          0          0   entry9a.o
        30          0          0          0          0          0   handlers.o
        40          0          0          0          0         72   idiv.o
        36          8          0          0          0         68   init.o
         0          0          0          0          0          0   iusefp.o
        32          0          0          0          0         68   llshl.o
        34          0          0          0          0         68   llushr.o
        36          0          0          0          0        100   memseta.o
        44          0          0          0          0         72   uidiv.o
        96          0          0          0          0         84   uldiv.o
        20          0          0          0          0         68   cfrcmple.o
        56          0          0          0          0         68   d2f.o
       236          0          0          0          0        216   depilogue.o
        40          6          0          0          0         68   dflti.o
       178          0          0          0          0        108   fadd.o
       124          0          0          0          0         72   fdiv.o
       130          0          0          0          0        144   fepilogue.o
        50          0          0          0          0         60   ffixi.o
        22          0          0          0          0         68   fflti.o
        14          0          0          0          0         68   ffltui.o
       122          0          0          0          0         72   fmul.o
        24          0          0          0          0         60   fscalb.o

    ----------------------------------------------------------------------
      1390         22          0          0          0       1604   Library Totals
         6          0          0          0          0          0   (incl. Padding)

    ----------------------------------------------------------------------

      Code (inc. data)   RO Data    RW Data    ZI Data      Debug   Library Name

       368         16          0          0          0        532   mc_p.l
      1016          6          0          0          0       1072   mf_p.l

    ----------------------------------------------------------------------
      1390         22          0          0          0       1604   Library Totals

    ----------------------------------------------------------------------

==============================================================================


      Code (inc. data)   RO Data    RW Data    ZI Data      Debug   

     18156       1046        392         88       2152     701647   Grand Totals
     18156       1046        392         88       2152     701647   ELF Image Totals
     18156       1046        392         88          0          0   ROM Totals

==============================================================================

    Total RO  Size (Code + RO Data)                18548 (  18.11kB)
    Total RW  Size (RW Data + ZI Data)              2240 (   2.19kB)
    Total ROM Size (Code + RO Data + RW Data)      18636 (  18.20kB)

==============================================================================

