<html>
<body>
<pre>
<h1>礦ision Build Log</h1>
<h2>Tool Versions:</h2>
IDE-Version: μVision V5.24.2.0
Copyright (C) 2017 ARM Ltd and ARM Germany GmbH. All rights reserved.
License Information: 1 1, 1, LIC=585FJ-U7QH7-FW12N-YV29H-Y6SJY-QKQVM
 
Tool Versions:
Toolchain:       MDK-ARM Plus  Version: 5.24.1
Toolchain Path:  D:\keil5\ARM\ARMCC\Bin
C Compiler:      Armcc.exe V5.06 update 5 (build 528)
Assembler:       Armasm.exe V5.06 update 5 (build 528)
Linker/Locator:  ArmLink.exe V5.06 update 5 (build 528)
Library Manager: ArmAr.exe V5.06 update 5 (build 528)
Hex Converter:   FromElf.exe V5.06 update 5 (build 528)
CPU DLL:         SARMCM3.DLL V5.24.1
Dialog DLL:      DARMCM1.DLL V1.18.0.0
Target DLL:      STLink\ST-LINKIII-KEIL_SWO.dll V3.0.1.0
Dialog DLL:      TARMCM1.DLL V1.13.0.0
 
<h2>Project:</h2>
d:\arduino\daima\05_terminal\四电机蝴蝶飞控代码 (3)\四电机蝴蝶飞控代码 (2)\四电机-自适应温和pid+前后独立控制\MDK-ARM\fly.uvprojx
Project File Date:  04/22/2026

<h2>Output:</h2>
*** Using Compiler 'V5.06 update 5 (build 528)', folder: 'D:\keil5\ARM\ARMCC\Bin'
Rebuild target 'fly'
compiling stm32g0xx_ll_adc.c...
assembling startup_stm32g031xx.s...
compiling stm32g0xx_hal_adc_ex.c...
compiling gpio.c...
../Core/Inc/main.h(118): warning:  #1-D: last line of file ends without a newline
  #endif /* __MAIN_H */
../user/module/motor/motor.h(75): warning:  #1-D: last line of file ends without a newline
  #endif
../Core/Inc/main.h(118): warning:  #1-D: last line of file ends without a newline
  #endif /* __MAIN_H */
../Core/Src/gpio.c: 3 warnings, 0 errors
compiling stm32g0xx_it.c...
../Core/Inc/main.h(118): warning:  #1-D: last line of file ends without a newline
  #endif /* __MAIN_H */
../user/module/motor/motor.h(75): warning:  #1-D: last line of file ends without a newline
  #endif
../Core/Inc/main.h(118): warning:  #1-D: last line of file ends without a newline
  #endif /* __MAIN_H */
../Core/Src/stm32g0xx_it.c: 3 warnings, 0 errors
compiling stm32g0xx_hal_msp.c...
../Core/Inc/main.h(118): warning:  #1-D: last line of file ends without a newline
  #endif /* __MAIN_H */
../user/module/motor/motor.h(75): warning:  #1-D: last line of file ends without a newline
  #endif
../Core/Inc/main.h(118): warning:  #1-D: last line of file ends without a newline
  #endif /* __MAIN_H */
../Core/Src/stm32g0xx_hal_msp.c: 3 warnings, 0 errors
compiling tim.c...
../Core/Inc/main.h(118): warning:  #1-D: last line of file ends without a newline
  #endif /* __MAIN_H */
../user/module/motor/motor.h(75): warning:  #1-D: last line of file ends without a newline
  #endif
../Core/Inc/main.h(118): warning:  #1-D: last line of file ends without a newline
  #endif /* __MAIN_H */
../Core/Src/tim.c(381): warning:  #1-D: last line of file ends without a newline
  /* USER CODE END 1 */
../Core/Src/tim.c: 4 warnings, 0 errors
compiling dma.c...
../Core/Inc/main.h(118): warning:  #1-D: last line of file ends without a newline
  #endif /* __MAIN_H */
../user/module/motor/motor.h(75): warning:  #1-D: last line of file ends without a newline
  #endif
../Core/Inc/main.h(118): warning:  #1-D: last line of file ends without a newline
  #endif /* __MAIN_H */
../Core/Src/dma.c: 3 warnings, 0 errors
compiling adc.c...
../Core/Inc/main.h(118): warning:  #1-D: last line of file ends without a newline
  #endif /* __MAIN_H */
../user/module/motor/motor.h(75): warning:  #1-D: last line of file ends without a newline
  #endif
../Core/Inc/main.h(118): warning:  #1-D: last line of file ends without a newline
  #endif /* __MAIN_H */
../Core/Src/adc.c(191): warning:  #1-D: last line of file ends without a newline
  /* USER CODE END 1 */
../Core/Src/adc.c: 4 warnings, 0 errors
compiling usart.c...
../Core/Inc/main.h(118): warning:  #1-D: last line of file ends without a newline
  #endif /* __MAIN_H */
../user/module/motor/motor.h(75): warning:  #1-D: last line of file ends without a newline
  #endif
../Core/Inc/main.h(118): warning:  #1-D: last line of file ends without a newline
  #endif /* __MAIN_H */
../Core/Src/usart.c: 3 warnings, 0 errors
compiling stm32g0xx_ll_rcc.c...
compiling stm32g0xx_hal_rcc_ex.c...
compiling stm32g0xx_hal_rcc.c...
compiling stm32g0xx_hal_adc.c...
compiling main.c...
../Core/Inc/main.h(118): warning:  #1-D: last line of file ends without a newline
  #endif /* __MAIN_H */
../user/module/motor/motor.h(75): warning:  #1-D: last line of file ends without a newline
  #endif
../Core/Inc/main.h(118): warning:  #1-D: last line of file ends without a newline
  #endif /* __MAIN_H */
../user/module/elrs/elrs.h(104): warning:  #1-D: last line of file ends without a newline
  #endif
../Core/Src/main.c(1016): warning:  #1-D: last line of file ends without a newline
  /* USER CODE END 5 */
../Core/Src/main.c(99): warning:  #177-D: variable "g_phase16"  was declared but never referenced
  static uint16_t g_phase16 = 0;           // 鐩镐綅绱姞鍣紙0-65535琛ㄧず瀹屾暣鍛ㄦ湡锛?
../Core/Src/main.c(100): warning:  #550-D: variable "g_last_ms"  was set but never used
  static uint32_t g_last_ms = 0;           // 涓婁竴娆″惊鐜椂闂存埑锛坢s锛?
../Core/Src/main.c(957): warning:  #177-D: function "abs16_fast"  was declared but never referenced
  static inline uint16_t abs16_fast(int16_t x) 
../Core/Src/main.c: 8 warnings, 0 errors
compiling stm32g0xx_hal_flash_ex.c...
compiling stm32g0xx_hal_dma_ex.c...
compiling stm32g0xx_hal_pwr.c...
compiling stm32g0xx_hal_flash.c...
compiling stm32g0xx_hal_gpio.c...
compiling stm32g0xx_hal.c...
compiling stm32g0xx_hal_cortex.c...
compiling stm32g0xx_hal_exti.c...
compiling stm32g0xx_hal_pwr_ex.c...
compiling stm32g0xx_hal_dma.c...
compiling stm32g0xx_hal_tim_ex.c...
compiling stm32g0xx_hal_tim.c...
compiling system_stm32g0xx.c...
compiling stm32g0xx_hal_uart_ex.c...
compiling motor.c...
../Core/Inc/main.h(118): warning:  #1-D: last line of file ends without a newline
  #endif /* __MAIN_H */
../user/module/motor/motor.h(75): warning:  #1-D: last line of file ends without a newline
  #endif
../Core/Inc/main.h(118): warning:  #1-D: last line of file ends without a newline
  #endif /* __MAIN_H */
..\user\module\motor\motor.h(75): warning:  #1-D: last line of file ends without a newline
  #endif
..\user\module\motor\motor.c(147): warning:  #1-D: last line of file ends without a newline
  }
..\user\module\motor\motor.c: 5 warnings, 0 errors
compiling AS5600_PWM.c...
../Core/Inc/main.h(118): warning:  #1-D: last line of file ends without a newline
  #endif /* __MAIN_H */
../user/module/motor/motor.h(75): warning:  #1-D: last line of file ends without a newline
  #endif
../Core/Inc/main.h(118): warning:  #1-D: last line of file ends without a newline
  #endif /* __MAIN_H */
..\user\module\AS5600\AS5600_PWM.c: 3 warnings, 0 errors
compiling pid.c...
../Core/Inc/main.h(118): warning:  #1-D: last line of file ends without a newline
  #endif /* __MAIN_H */
../user/module/motor/motor.h(75): warning:  #1-D: last line of file ends without a newline
  #endif
../Core/Inc/main.h(118): warning:  #1-D: last line of file ends without a newline
  #endif /* __MAIN_H */
..\user\module\pid\pid.c: 3 warnings, 0 errors
compiling elrs.c...
../Core/Inc/main.h(118): warning:  #1-D: last line of file ends without a newline
  #endif /* __MAIN_H */
../user/module/motor/motor.h(75): warning:  #1-D: last line of file ends without a newline
  #endif
../Core/Inc/main.h(118): warning:  #1-D: last line of file ends without a newline
  #endif /* __MAIN_H */
..\user\module\elrs\elrs.h(104): warning:  #1-D: last line of file ends without a newline
  #endif
..\user\module\elrs\elrs.c(105): warning:  #177-D: function "int8_Map_with_median"  was declared but never referenced
  static inline uint8_t int8_Map_with_median(uint16_t x,
..\user\module\elrs\elrs.c: 5 warnings, 0 errors
compiling stm32g0xx_hal_uart.c...
linking...
Program Size: Code=18156 RO-data=392 RW-data=88 ZI-data=2152  
FromELF: creating hex file...
"fly\fly.axf" - 0 Error(s), 47 Warning(s).

<h2>Software Packages used:</h2>

Package Vendor: ARM
                http://www.keil.com/pack/ARM.CMSIS.5.0.1.pack
                ARM.CMSIS.5.0.1
                CMSIS (Cortex Microcontroller Software Interface Standard)
   * Component: CORE Version: 5.0.1

Package Vendor: Keil
                http://www.keil.com/pack/Keil.STM32G0xx_DFP.1.4.0.pack
                Keil.STM32G0xx_DFP.1.4.0
                STMicroelectronics STM32G0 Series Device Support

<h2>Collection of Component include folders:</h2>
  .\RTE\_fly
  D:\keil5\ARM\PACK\ARM\CMSIS\5.0.1\CMSIS\Include
  D:\keil5\ARM\PACK\Keil\STM32G0xx_DFP\1.4.0\Drivers\CMSIS\Device\ST\STM32G0xx\Include

<h2>Collection of Component Files used:</h2>

   * Component: ARM::CMSIS:CORE:5.0.1
Build Time Elapsed:  00:00:14
</pre>
</body>
</html>
